Component: ARM Compiler 6.7 Tool: armlink [5c9ef700]

==============================================================================

Section Cross References

    startup_stm32f103xb.o(STACK) refers (Special) to heapauxi.o(.text) for __use_two_region_memory
    startup_stm32f103xb.o(HEAP) refers (Special) to heapauxi.o(.text) for __use_two_region_memory
    startup_stm32f103xb.o(RESET) refers (Special) to heapauxi.o(.text) for __use_two_region_memory
    startup_stm32f103xb.o(RESET) refers to startup_stm32f103xb.o(STACK) for __initial_sp
    startup_stm32f103xb.o(RESET) refers to startup_stm32f103xb.o(.text) for Reset_Handler
    startup_stm32f103xb.o(RESET) refers to stm32f1xx_it.o(.text.NMI_Handler) for NMI_Handler
    startup_stm32f103xb.o(RESET) refers to stm32f1xx_it.o(.text.HardFault_Handler) for HardFault_Handler
    startup_stm32f103xb.o(RESET) refers to stm32f1xx_it.o(.text.MemManage_Handler) for MemManage_Handler
    startup_stm32f103xb.o(RESET) refers to stm32f1xx_it.o(.text.BusFault_Handler) for BusFault_Handler
    startup_stm32f103xb.o(RESET) refers to stm32f1xx_it.o(.text.UsageFault_Handler) for UsageFault_Handler
    startup_stm32f103xb.o(RESET) refers to stm32f1xx_it.o(.text.SVC_Handler) for SVC_Handler
    startup_stm32f103xb.o(RESET) refers to stm32f1xx_it.o(.text.DebugMon_Handler) for DebugMon_Handler
    startup_stm32f103xb.o(RESET) refers to stm32f1xx_it.o(.text.PendSV_Handler) for PendSV_Handler
    startup_stm32f103xb.o(RESET) refers to stm32f1xx_it.o(.text.SysTick_Handler) for SysTick_Handler
    startup_stm32f103xb.o(RESET) refers to stm32f1xx_it.o(.text.DMA1_Channel1_IRQHandler) for DMA1_Channel1_IRQHandler
    startup_stm32f103xb.o(RESET) refers to stm32f1xx_it.o(.text.DMA1_Channel4_IRQHandler) for DMA1_Channel4_IRQHandler
    startup_stm32f103xb.o(RESET) refers to stm32f1xx_it.o(.text.DMA1_Channel5_IRQHandler) for DMA1_Channel5_IRQHandler
    startup_stm32f103xb.o(RESET) refers to stm32f1xx_it.o(.text.TIM1_UP_IRQHandler) for TIM1_UP_IRQHandler
    startup_stm32f103xb.o(RESET) refers to stm32f1xx_it.o(.text.TIM1_TRG_COM_IRQHandler) for TIM1_TRG_COM_IRQHandler
    startup_stm32f103xb.o(RESET) refers to stm32f1xx_it.o(.text.TIM2_IRQHandler) for TIM2_IRQHandler
    startup_stm32f103xb.o(RESET) refers to stm32f1xx_it.o(.text.USART1_IRQHandler) for USART1_IRQHandler
    startup_stm32f103xb.o(.text) refers (Special) to heapauxi.o(.text) for __use_two_region_memory
    startup_stm32f103xb.o(.text) refers to system_stm32f1xx.o(.text.SystemInit) for SystemInit
    startup_stm32f103xb.o(.text) refers to __main.o(!!!main) for __main
    startup_stm32f103xb.o(.text) refers to startup_stm32f103xb.o(HEAP) for Heap_Mem
    startup_stm32f103xb.o(.text) refers to startup_stm32f103xb.o(STACK) for Stack_Mem
    main.o(.text.main) refers to stm32f1xx_hal.o(.text.HAL_Init) for HAL_Init
    main.o(.text.main) refers to main.o(.text.SystemClock_Config) for SystemClock_Config
    main.o(.text.main) refers to gpio.o(.text.MX_GPIO_Init) for MX_GPIO_Init
    main.o(.text.main) refers to dma.o(.text.MX_DMA_Init) for MX_DMA_Init
    main.o(.text.main) refers to spi.o(.text.MX_SPI1_Init) for MX_SPI1_Init
    main.o(.text.main) refers to tim.o(.text.MX_TIM1_Init) for MX_TIM1_Init
    main.o(.text.main) refers to tim.o(.text.MX_TIM2_Init) for MX_TIM2_Init
    main.o(.text.main) refers to usart.o(.text.MX_USART1_UART_Init) for MX_USART1_UART_Init
    main.o(.text.main) refers to adc.o(.text.MX_ADC1_Init) for MX_ADC1_Init
    main.o(.text.main) refers to user_main.o(.text.user_main) for user_main
    main.o(.ARM.exidx.text.main) refers to main.o(.text.main) for [Anonymous Symbol]
    main.o(.text.SystemClock_Config) refers to rt_memclr_w.o(.text) for __aeabi_memclr4
    main.o(.text.SystemClock_Config) refers to stm32f1xx_hal_rcc.o(.text.HAL_RCC_OscConfig) for HAL_RCC_OscConfig
    main.o(.text.SystemClock_Config) refers to stm32f1xx_hal_rcc.o(.text.HAL_RCC_ClockConfig) for HAL_RCC_ClockConfig
    main.o(.text.SystemClock_Config) refers to stm32f1xx_hal_rcc_ex.o(.text.HAL_RCCEx_PeriphCLKConfig) for HAL_RCCEx_PeriphCLKConfig
    main.o(.ARM.exidx.text.SystemClock_Config) refers to main.o(.text.SystemClock_Config) for [Anonymous Symbol]
    main.o(.ARM.exidx.text.Error_Handler) refers to main.o(.text.Error_Handler) for [Anonymous Symbol]
    gpio.o(.text.MX_GPIO_Init) refers to stm32f1xx_hal_gpio.o(.text.HAL_GPIO_WritePin) for HAL_GPIO_WritePin
    gpio.o(.text.MX_GPIO_Init) refers to stm32f1xx_hal_gpio.o(.text.HAL_GPIO_Init) for HAL_GPIO_Init
    gpio.o(.ARM.exidx.text.MX_GPIO_Init) refers to gpio.o(.text.MX_GPIO_Init) for [Anonymous Symbol]
    adc.o(.text.MX_ADC1_Init) refers to stm32f1xx_hal_adc.o(.text.HAL_ADC_Init) for HAL_ADC_Init
    adc.o(.text.MX_ADC1_Init) refers to main.o(.text.Error_Handler) for Error_Handler
    adc.o(.text.MX_ADC1_Init) refers to stm32f1xx_hal_adc.o(.text.HAL_ADC_ConfigChannel) for HAL_ADC_ConfigChannel
    adc.o(.text.MX_ADC1_Init) refers to adc.o(.bss.hadc1) for hadc1
[...]
    [Anonymous Symbol]                       0x08002076   Section        0  stm32f1xx_hal_uart.o(.text.HAL_UART_TxHalfCpltCallback)
    [Anonymous Symbol]                       0x08002078   Section        0  stm32f1xx_it.o(.text.HardFault_Handler)
    [Anonymous Symbol]                       0x0800207c   Section        0  adc.o(.text.MX_ADC1_Init)
    __arm_cp.0_0                             0x080020dc   Number         4  adc.o(.text.MX_ADC1_Init)
    __arm_cp.0_1                             0x080020e0   Number         4  adc.o(.text.MX_ADC1_Init)
    [Anonymous Symbol]                       0x080020e4   Section        0  dma.o(.text.MX_DMA_Init)
    __arm_cp.0_0                             0x08002128   Number         4  dma.o(.text.MX_DMA_Init)
    __arm_cp.0_1                             0x0800212c   Number         4  dma.o(.text.MX_DMA_Init)
    __arm_cp.0_2                             0x08002130   Number         4  dma.o(.text.MX_DMA_Init)
    [Anonymous Symbol]                       0x08002134   Section        0  gpio.o(.text.MX_GPIO_Init)
    __arm_cp.0_0                             0x08002198   Number         4  gpio.o(.text.MX_GPIO_Init)
    __arm_cp.0_1                             0x0800219c   Number         4  gpio.o(.text.MX_GPIO_Init)
    [Anonymous Symbol]                       0x080021a0   Section        0  spi.o(.text.MX_SPI1_Init)
    __arm_cp.0_0                             0x080021e0   Number         4  spi.o(.text.MX_SPI1_Init)
    __arm_cp.0_1                             0x080021e4   Number         4  spi.o(.text.MX_SPI1_Init)
    [Anonymous Symbol]                       0x080021e8   Section        0  tim.o(.text.MX_TIM1_Init)
    [Anonymous Symbol]                       0x080022a0   Section        0  tim.o(.text.MX_TIM2_Init)
    [Anonymous Symbol]                       0x08002300   Section        0  usart.o(.text.MX_USART1_UART_Init)
    __arm_cp.0_0                             0x08002330   Number         4  usart.o(.text.MX_USART1_UART_Init)
    __arm_cp.0_1                             0x08002334   Number         4  usart.o(.text.MX_USART1_UART_Init)
    [Anonymous Symbol]                       0x08002338   Section        0  stm32f1xx_it.o(.text.MemManage_Handler)
    [Anonymous Symbol]                       0x0800233a   Section        0  stm32f1xx_it.o(.text.NMI_Handler)
    [Anonymous Symbol]                       0x0800233c   Section        0  stm32f1xx_it.o(.text.PendSV_Handler)
    [Anonymous Symbol]                       0x0800233e   Section        0  stm32f1xx_it.o(.text.SVC_Handler)
    [Anonymous Symbol]                       0x08002340   Section        0  stm32f1xx_it.o(.text.SysTick_Handler)
    [Anonymous Symbol]                       0x08002344   Section        0  main.o(.text.SystemClock_Config)
    [Anonymous Symbol]                       0x080023cc   Section        0  system_stm32f1xx.o(.text.SystemInit)
    [Anonymous Symbol]                       0x080023d0   Section        0  stm32f1xx_it.o(.text.TIM1_TRG_COM_IRQHandler)
    [Anonymous Symbol]                       0x080023d8   Section        0  stm32f1xx_it.o(.text.TIM1_UP_IRQHandler)
    __arm_cp.12_0                            0x080023e0   Number         4  stm32f1xx_it.o(.text.TIM1_UP_IRQHandler)
    [Anonymous Symbol]                       0x080023e4   Section        0  stm32f1xx_it.o(.text.TIM2_IRQHandler)
    __arm_cp.14_0                            0x080023ec   Number         4  stm32f1xx_it.o(.text.TIM2_IRQHandler)
    [Anonymous Symbol]                       0x080023f0   Section        0  stm32f1xx_hal_tim.o(.text.TIM_Base_SetConfig)
    __arm_cp.2_1                             0x08002458   Number         4  stm32f1xx_hal_tim.o(.text.TIM_Base_SetConfig)
    __arm_cp.2_2                             0x0800245c   Number         4  stm32f1xx_hal_tim.o(.text.TIM_Base_SetConfig)
    [Anonymous Symbol]                       0x08002460   Section        0  stm32f1xx_hal_tim.o(.text.TIM_OC1_SetConfig)
    TIM_OC1_SetConfig                        0x08002461   Thumb Code    92  stm32f1xx_hal_tim.o(.text.TIM_OC1_SetConfig)
    [Anonymous Symbol]                       0x080024b8   Section        0  stm32f1xx_hal_tim.o(.text.TIM_OC2_SetConfig)
    [Anonymous Symbol]                       0x08002518   Section        0  stm32f1xx_hal_tim.o(.text.TIM_OC3_SetConfig)
    TIM_OC3_SetConfig                        0x08002519   Thumb Code   100  stm32f1xx_hal_tim.o(.text.TIM_OC3_SetConfig)
    [Anonymous Symbol]                       0x08002578   Section        0  stm32f1xx_hal_tim.o(.text.TIM_OC4_SetConfig)
    TIM_OC4_SetConfig                        0x08002579   Thumb Code    76  stm32f1xx_hal_tim.o(.text.TIM_OC4_SetConfig)
    __arm_cp.77_0                            0x080025c0   Number         4  stm32f1xx_hal_tim.o(.text.TIM_OC4_SetConfig)
    [Anonymous Symbol]                       0x080025c4   Section        0  stm32f1xx_hal_tim.o(.text.TIM_TI1_ConfigInputStage)
    TIM_TI1_ConfigInputStage                 0x080025c5   Thumb Code    34  stm32f1xx_hal_tim.o(.text.TIM_TI1_ConfigInputStage)
    [Anonymous Symbol]                       0x080025e6   Section        0  stm32f1xx_hal_tim.o(.text.TIM_TI2_ConfigInputStage)
    TIM_TI2_ConfigInputStage                 0x080025e7   Thumb Code    36  stm32f1xx_hal_tim.o(.text.TIM_TI2_ConfigInputStage)
    [Anonymous Symbol]                       0x0800260a   Section        0  stm32f1xx_hal_uart.o(.text.UART_DMAAbortOnError)
    UART_DMAAbortOnError                     0x0800260b   Thumb Code    12  stm32f1xx_hal_uart.o(.text.UART_DMAAbortOnError)
    [Anonymous Symbol]                       0x08002616   Section        0  stm32f1xx_hal_uart.o(.text.UART_DMAError)
    UART_DMAError                            0x08002617   Thumb Code    78  stm32f1xx_hal_uart.o(.text.UART_DMAError)
    [Anonymous Symbol]                       0x08002664   Section        0  stm32f1xx_hal_uart.o(.text.UART_DMATransmitCplt)
    UART_DMATransmitCplt                     0x08002665   Thumb Code    62  stm32f1xx_hal_uart.o(.text.UART_DMATransmitCplt)
    [Anonymous Symbol]                       0x080026a2   Section        0  stm32f1xx_hal_uart.o(.text.UART_DMATxHalfCplt)
    UART_DMATxHalfCplt                       0x080026a3   Thumb Code     6  stm32f1xx_hal_uart.o(.text.UART_DMATxHalfCplt)
    [Anonymous Symbol]                       0x080026a8   Section        0  stm32f1xx_hal_uart.o(.text.UART_EndRxTransfer)
    UART_EndRxTransfer                       0x080026a9   Thumb Code    78  stm32f1xx_hal_uart.o(.text.UART_EndRxTransfer)
    [Anonymous Symbol]                       0x080026f6   Section        0  stm32f1xx_hal_uart.o(.text.UART_EndTxTransfer)
    UART_EndTxTransfer                       0x080026f7   Thumb Code    28  stm32f1xx_hal_uart.o(.text.UART_EndTxTransfer)
    [Anonymous Symbol]                       0x08002712   Section        0  stm32f1xx_hal_uart.o(.text.UART_Receive_IT)
    UART_Receive_IT                          0x08002713   Thumb Code   202  stm32f1xx_hal_uart.o(.text.UART_Receive_IT)
    [Anonymous Symbol]                       0x080027dc   Section        0  stm32f1xx_hal_uart.o(.text.UART_SetConfig)
    UART_SetConfig                           0x080027dd   Thumb Code   132  stm32f1xx_hal_uart.o(.text.UART_SetConfig)
    __arm_cp.2_0                             0x0800285c   Number         4  stm32f1xx_hal_uart.o(.text.UART_SetConfig)
    [Anonymous Symbol]                       0x08002860   Section        0  stm32f1xx_it.o(.text.USART1_IRQHandler)
    [Anonymous Symbol]                       0x08002868   Section        0  stm32f1xx_it.o(.text.UsageFault_Handler)
    [Anonymous Symbol]                       0x0800286c   Section        0  vofa.o(.text.Vofa_JustFloat)
    __arm_cp.1_0                             0x080028c4   Number         4  vofa.o(.text.Vofa_JustFloat)
    [Anonymous Symbol]                       0x080028c8   Section        0  lowpass_filter.o(.text._GLOBAL__sub_I_lowpass_filter.cpp)
    _GLOBAL__sub_I_lowpass_filter.cpp        0x080028c9   Thumb Code    36  lowpass_filter.o(.text._GLOBAL__sub_I_lowpass_filter.cpp)
    __arm_cp.2_0                             0x080028e0   Number         4  lowpass_filter.o(.text._GLOBAL__sub_I_lowpass_filter.cpp)
    __arm_cp.2_1                             0x080028e4   Number         4  lowpass_filter.o(.text._GLOBAL__sub_I_lowpass_filter.cpp)
    __arm_cp.2_2                             0x080028e8   Number         4  lowpass_filter.o(.text._GLOBAL__sub_I_lowpass_filter.cpp)
    [Anonymous Symbol]                       0x080028ec   Section        0  pid.o(.text._GLOBAL__sub_I_pid.cpp)
    _GLOBAL__sub_I_pid.cpp                   0x080028ed   Thumb Code   124  pid.o(.text._GLOBAL__sub_I_pid.cpp)
    __arm_cp.2_1                             0x08002944   Number         4  pid.o(.text._GLOBAL__sub_I_pid.cpp)
    __arm_cp.2_2                             0x08002948   Number         4  pid.o(.text._GLOBAL__sub_I_pid.cpp)
    __arm_cp.2_3                             0x0800294c   Number         4  pid.o(.text._GLOBAL__sub_I_pid.cpp)
    __arm_cp.2_4                             0x08002950   Number         4  pid.o(.text._GLOBAL__sub_I_pid.cpp)
    __arm_cp.2_5                             0x08002954   Number         4  pid.o(.text._GLOBAL__sub_I_pid.cpp)
    __arm_cp.2_6                             0x08002958   Number         4  pid.o(.text._GLOBAL__sub_I_pid.cpp)
    __arm_cp.2_7                             0x0800295c   Number         4  pid.o(.text._GLOBAL__sub_I_pid.cpp)
    __arm_cp.2_8                             0x08002960   Number         4  pid.o(.text._GLOBAL__sub_I_pid.cpp)
    [Anonymous Symbol]                       0x08002964   Section        0  motor.o(.text._Z10Constraintf)
    [Anonymous Symbol]                       0x0800298c   Section        0  encoder.o(.text._Z10GetRawDatav)
    [Anonymous Symbol]                       0x080029b0   Section        0  motor.o(.text._Z10SetVoltagefff)
    [Anonymous Symbol]                       0x08002a54   Section        0  encoder.o(.text._Z11GetRawAnglev)
    __arm_cp.2_0                             0x08002a70   Number         4  encoder.o(.text._Z11GetRawAnglev)
    [Anonymous Symbol]                       0x08002a74   Section        0  encoder.o(.text._Z12Encoder_Initv)
    __arm_cp.4_0                             0x08002a90   Number         4  encoder.o(.text._Z12Encoder_Initv)
    [Anonymous Symbol]                       0x08002a94   Section        0  motor.o(.text._Z15SetPhaseVoltagefff)
    __arm_cp.3_0                             0x08002c80   Number         4  motor.o(.text._Z15SetPhaseVoltagefff)
    __arm_cp.3_1                             0x08002c84   Number         4  motor.o(.text._Z15SetPhaseVoltagefff)
    __arm_cp.3_2                             0x08002c88   Number         4  motor.o(.text._Z15SetPhaseVoltagefff)
    __arm_cp.3_3                             0x08002c8c   Number         4  motor.o(.text._Z15SetPhaseVoltagefff)
    __arm_cp.3_5                             0x08002c90   Number         4  motor.o(.text._Z15SetPhaseVoltagefff)
    [Anonymous Symbol]                       0x08002c94   Section        0  encoder.o(.text._Z17SpiCalcEvenParityt)
    [Anonymous Symbol]                       0x08002cb2   Section        0  time_utils.o(.text._Z17delayMicroSecondsj)
    [Anonymous Symbol]                       0x08002cc4   Section        0  motor.o(.text._Z20SetPwmDutyByRegisterfff)
    __arm_cp.1_0                             0x08002d18   Number         4  motor.o(.text._Z20SetPwmDutyByRegisterfff)
    __arm_cp.1_1                             0x08002d1c   Number         4  motor.o(.text._Z20SetPwmDutyByRegisterfff)
    [Anonymous Symbol]                       0x08002d20   Section        0  motor.o(.text._Z20VelocityOpenLoopTickf)
    __arm_cp.4_0                             0x08002db8   Number         4  motor.o(.text._Z20VelocityOpenLoopTickf)
    __arm_cp.4_1                             0x08002dbc   Number         4  motor.o(.text._Z20VelocityOpenLoopTickf)
    [Anonymous Symbol]                       0x08002dc0   Section        0  encoder.o(.text._Z24SpiTransmitAndRead16Bitst)
    __arm_cp.5_0                             0x08002e68   Number         4  encoder.o(.text._Z24SpiTransmitAndRead16Bitst)
    __arm_cp.5_1                             0x08002e6c   Number         4  encoder.o(.text._Z24SpiTransmitAndRead16Bitst)
    [Anonymous Symbol]                       0x08002e70   Section        0  time_utils.o(.text._Z6microsv)
    __arm_cp.1_0                             0x08002ebc   Number         4  time_utils.o(.text._Z6microsv)
    __arm_cp.1_1                             0x08002ec0   Number         4  time_utils.o(.text._Z6microsv)
    [Anonymous Symbol]                       0x08002ec4   Section        0  encoder.o(.text._Z7VarInitv)
    __arm_cp.1_0                             0x08002efc   Number         4  encoder.o(.text._Z7VarInitv)
    __arm_cp.1_1                             0x08002f00   Number         4  encoder.o(.text._Z7VarInitv)
    [Anonymous Symbol]                       0x08002f04   Section        0  math_utils.o(.text._Z9Normalizef)
    __arm_cp.2_0                             0x08002f28   Number         4  math_utils.o(.text._Z9Normalizef)
    [Anonymous Symbol]                       0x08002f2c   Section        0  math_utils.o(.text._Z9SinApproxf)
    __arm_cp.0_0                             0x08002fa0   Number         4  math_utils.o(.text._Z9SinApproxf)
    __arm_cp.0_1                             0x08002fa4   Number         4  math_utils.o(.text._Z9SinApproxf)
    __arm_cp.0_2                             0x08002fa8   Number         4  math_utils.o(.text._Z9SinApproxf)
    __arm_cp.0_3                             0x08002fac   Number         4  math_utils.o(.text._Z9SinApproxf)
    __arm_cp.0_4                             0x08002fb0   Number         4  math_utils.o(.text._Z9SinApproxf)
    __arm_cp.0_5                             0x08002fb4   Number         4  math_utils.o(.text._Z9SinApproxf)
    __arm_cp.0_6                             0x08002fb8   Number         4  math_utils.o(.text._Z9SinApproxf)
    [Anonymous Symbol]                       0x08002fbc   Section        0  lowpass_filter.o(.text._ZN13LowPassFilterC2Ef)
    [Anonymous Symbol]                       0x08002fd0   Section        0  pid.o(.text._ZN13PidControllerC2Efffff)
    [Anonymous Symbol]                       0x08002ff4   Section        0  main.o(.text.main)
    [Anonymous Symbol]                       0x08003020   Section        0  user_main.o(.text.user_main)
    __arm_cp.0_0                             0x08003074   Number         4  user_main.o(.text.user_main)
    __arm_cp.0_1                             0x08003078   Number         4  user_main.o(.text.user_main)
    __arm_cp.0_2                             0x0800307c   Number         4  user_main.o(.text.user_main)
    __arm_cp.0_3                             0x08003080   Number         4  user_main.o(.text.user_main)
    __arm_cp.0_4                             0x08003084   Number         4  user_main.o(.text.user_main)
    i.__mathlib_flt_invalid                  0x08003088   Section        0  funder.o(i.__mathlib_flt_invalid)
    i.floorf                                 0x08003090   Section        0  floorf.o(i.floorf)
    i.fmodf                                  0x0800310c   Section        0  fmodf.o(i.fmodf)
    x$fpl$fadd                               0x08003178   Section      196  faddsub_clz.o(x$fpl$fadd)
    _fadd1                                   0x08003187   Thumb Code     0  faddsub_clz.o(x$fpl$fadd)
    x$fpl$fcmp                               0x0800323c   Section       84  fcmp.o(x$fpl$fcmp)
    x$fpl$fcmpinf                            0x08003290   Section       24  fcmpi.o(x$fpl$fcmpinf)
    x$fpl$fdiv                               0x080032a8   Section      388  fdiv.o(x$fpl$fdiv)
    _fdiv1                                   0x080032a9   Thumb Code     0  fdiv.o(x$fpl$fdiv)
    x$fpl$feqf                               0x0800342c   Section      104  feqf.o(x$fpl$feqf)
    x$fpl$ffix                               0x08003494   Section       54  ffix.o(x$fpl$ffix)
    x$fpl$ffixu                              0x080034cc   Section       62  ffixu.o(x$fpl$ffixu)
    x$fpl$fflt                               0x0800350c   Section       48  fflt_clz.o(x$fpl$fflt)
    x$fpl$ffltll                             0x0800353c   Section       96  ffltll_clz.o(x$fpl$ffltll)
    x$fpl$ffltu                              0x0800359c   Section       38  fflt_clz.o(x$fpl$ffltu)
    x$fpl$fgeqf                              0x080035c4   Section      104  fgeqf.o(x$fpl$fgeqf)
    x$fpl$fleqf                              0x0800362c   Section      104  fleqf.o(x$fpl$fleqf)
    x$fpl$fmul                               0x08003694   Section      258  fmul.o(x$fpl$fmul)
    x$fpl$fnaninf                            0x08003796   Section      140  fnaninf.o(x$fpl$fnaninf)
    x$fpl$frem                               0x08003824   Section      244  frem_clz.o(x$fpl$frem)
    x$fpl$fretinf                            0x08003918   Section       10  fretinf.o(x$fpl$fretinf)
    x$fpl$frsb                               0x08003922   Section       20  faddsub_clz.o(x$fpl$frsb)
    x$fpl$fsub                               0x08003938   Section      234  faddsub_clz.o(x$fpl$fsub)
    _fsub1                                   0x08003947   Thumb Code     0  faddsub_clz.o(x$fpl$fsub)
    x$fpl$usenofp                            0x08003a22   Section        0  usenofp.o(x$fpl$usenofp)
    [Anonymous Symbol]                       0x08003a3c   Section        0  math_utils.o(.rodata._ZL7SIN_MAP)
    _ZL7SIN_MAP                              0x08003a3c   Data         800  math_utils.o(.rodata._ZL7SIN_MAP)
    [Anonymous Symbol]                       0x20000000   Section        0  stm32f1xx_hal.o(.data..L_MergedGlobals)
    [Anonymous Symbol]                       0x20000010   Section        0  motor.o(.data..L_MergedGlobals)
    .bss                                     0x20000080   Section       96  libspace.o(.bss)
    [Anonymous Symbol]                       0x200000e0   Section        0  usart.o(.bss..L_MergedGlobals)
    [Anonymous Symbol]                       0x20000124   Section        0  time_utils.o(.bss..L_MergedGlobals)
    [Anonymous Symbol]                       0x20000130   Section        0  encoder.o(.bss..L_MergedGlobals)
    [Anonymous Symbol]                       0x20000160   Section        0  lowpass_filter.o(.bss..L_MergedGlobals)
    [Anonymous Symbol]                       0x20000180   Section        0  pid.o(.bss..L_MergedGlobals)
    [Anonymous Symbol]                       0x200001f0   Section        0  usart.o(.bss..L_MergedGlobals.1)
    [Anonymous Symbol]                       0x20000240   Section        0  pid.o(.bss..L_MergedGlobals.4)
    HEAP                                     0x20000410   Section      512  startup_stm32f103xb.o(HEAP)
    Heap_Mem                                 0x20000410   Data         512  startup_stm32f103xb.o(HEAP)
    STACK                                    0x20000610   Section     1024  startup_stm32f103xb.o(STACK)
    Stack_Mem                                0x20000610   Data        1024  startup_stm32f103xb.o(STACK)
    __initial_sp                             0x20000a10   Data           0  startup_stm32f103xb.o(STACK)

    Global Symbols

    Symbol Name                              Value     Ov Type        Size  Object(Section)

    BuildAttributes$$THM_ISAv4$P$D$K$B$S$PE$A:L22UL41UL21$X:L11$S22US41US21$IEEE1$IW$~IW$USESV6$~STKCKD$USESV7$~SHL$OTIME$ROPI$IEEEX$EBA8$UX$STANDARDLIB$REQ8$PRES8$EABIv2 0x00000000   Number         0  anon$$obj.o ABSOLUTE
    _printf_flags                            0x00000000   Number         0  printf_stubs.o ABSOLUTE
    _printf_return_value                     0x00000000   Number         0  printf_stubs.o ABSOLUTE
    _printf_sizespec                         0x00000000   Number         0  printf_stubs.o ABSOLUTE
    _printf_widthprec                        0x00000000   Number         0  printf_stubs.o ABSOLUTE
    SHT$$ARM_EXIDX$$Base                      - Undefined Reference
    SHT$$ARM_EXIDX$$Limit                     - Undefined Reference
    __ARM_exceptions_init                     - Undefined Weak Reference
    __alloca_initialize                       - Undefined Weak Reference
    __arm_preinit_                            - Undefined Weak Reference
    __cxa_finalize                            - Undefined Weak Reference
    __sigvec_lookup                           - Undefined Weak Reference
    _atexit_init                              - Undefined Weak Reference
    _call_atexit_fns                          - Undefined Weak Reference
    _clock_init                               - Undefined Weak Reference
    _fp_trap_init                             - Undefined Weak Reference
    _fp_trap_shutdown                         - Undefined Weak Reference
    _get_lc_collate                           - Undefined Weak Reference
    _get_lc_monetary                          - Undefined Weak Reference
    _get_lc_time                              - Undefined Weak Reference
    _getenv_init                              - Undefined Weak Reference
    _handle_redirection                       - Undefined Weak Reference
    _init_alloc                               - Undefined Weak Reference
    _init_user_alloc                          - Undefined Weak Reference
    _initio                                   - Undefined Weak Reference
    _printf_mbtowc                            - Undefined Weak Reference
    _printf_wc                                - Undefined Weak Reference
    _rand_init                                - Undefined Weak Reference
    _signal_finish                            - Undefined Weak Reference
    _signal_init                              - Undefined Weak Reference
    _terminate_alloc                          - Undefined Weak Reference
    _terminate_user_alloc                     - Undefined Weak Reference
    _terminateio                              - Undefined Weak Reference
    __Vectors_Size                           0x000000ec   Number         0  startup_stm32f103xb.o ABSOLUTE
    __Vectors                                0x08000000   Data           4  startup_stm32f103xb.o(RESET)
    __Vectors_End                            0x080000ec   Data           0  startup_stm32f103xb.o(RESET)
    __main                                   0x080000ed   Thumb Code     8  __main.o(!!!main)
    __scatterload                            0x080000f5   Thumb Code     0  __scatter.o(!!!scatter)
    __scatterload_rt2                        0x080000f5   Thumb Code    44  __scatter.o(!!!scatter)
    __scatterload_rt2_thumb_only             0x080000f5   Thumb Code     0  __scatter.o(!!!scatter)
    __scatterload_null                       0x08000103   Thumb Code     0  __scatter.o(!!!scatter)
    __scatterload_copy                       0x08000129   Thumb Code    26  __scatter_copy.o(!!handler_copy)
    __scatterload_zeroinit                   0x08000145   Thumb Code    28  __scatter_zi.o(!!handler_zi)
    __rt_lib_init                            0x08000161   Thumb Code     0  libinit.o(.ARM.Collect$$libinit$$00000000)
    __rt_lib_init_alloca_1                   0x08000163   Thumb Code     0  libinit2.o(.ARM.Collect$$libinit$$0000002E)
    __rt_lib_init_argv_1                     0x08000163   Thumb Code     0  libinit2.o(.ARM.Collect$$libinit$$0000002C)
    __rt_lib_init_atexit_1                   0x08000163   Thumb Code     0  libinit2.o(.ARM.Collect$$libinit$$0000001B)
    __rt_lib_init_clock_1                    0x08000163   Thumb Code     0  libinit2.o(.ARM.Collect$$libinit$$00000021)
    __rt_lib_init_cpp_2                      0x08000163   Thumb Code     0  libinit2.o(.ARM.Collect$$libinit$$00000031)
    __rt_lib_init_exceptions_1               0x08000163   Thumb Code     0  libinit2.o(.ARM.Collect$$libinit$$00000030)
    __rt_lib_init_fp_1                       0x08000163   Thumb Code     0  libinit2.o(.ARM.Collect$$libinit$$00000002)
    __rt_lib_init_fp_trap_1                  0x08000163   Thumb Code     0  libinit2.o(.ARM.Collect$$libinit$$0000001F)
    __rt_lib_init_getenv_1                   0x08000163   Thumb Code     0  libinit2.o(.ARM.Collect$$libinit$$00000023)
    __rt_lib_init_heap_1                     0x08000163   Thumb Code     0  libinit2.o(.ARM.Collect$$libinit$$0000000A)
    __rt_lib_init_lc_collate_1               0x08000163   Thumb Code     0  libinit2.o(.ARM.Collect$$libinit$$00000011)
    __rt_lib_init_lc_ctype_1                 0x08000163   Thumb Code     0  libinit2.o(.ARM.Collect$$libinit$$00000013)
    __rt_lib_init_lc_monetary_1              0x08000163   Thumb Code     0  libinit2.o(.ARM.Collect$$libinit$$00000015)
    __rt_lib_init_lc_numeric_1               0x08000163   Thumb Code     0  libinit2.o(.ARM.Collect$$libinit$$00000017)
    __rt_lib_init_lc_time_1                  0x08000163   Thumb Code     0  libinit2.o(.ARM.Collect$$libinit$$00000019)
    __rt_lib_init_preinit_1                  0x08000163   Thumb Code     0  libinit2.o(.ARM.Collect$$libinit$$00000004)
    __rt_lib_init_rand_1                     0x08000163   Thumb Code     0  libinit2.o(.ARM.Collect$$libinit$$0000000E)
    __rt_lib_init_signal_1                   0x08000163   Thumb Code     0  libinit2.o(.ARM.Collect$$libinit$$0000001D)
    __rt_lib_init_stdio_1                    0x08000163   Thumb Code     0  libinit2.o(.ARM.Collect$$libinit$$00000025)
    __rt_lib_init_user_alloc_1               0x08000163   Thumb Code     0  libinit2.o(.ARM.Collect$$libinit$$0000000C)
    __rt_lib_init_cpp_1                      0x08000167   Thumb Code     0  libinit2.o(.ARM.Collect$$libinit$$00000032)
    __rt_lib_init_return                     0x08000167   Thumb Code     0  libinit2.o(.ARM.Collect$$libinit$$00000033)
    __rt_lib_shutdown                        0x08000169   Thumb Code     0  libshutdown.o(.ARM.Collect$$libshutdown$$00000000)
    __rt_lib_shutdown_cpp_1                  0x0800016b   Thumb Code     0  libshutdown2.o(.ARM.Collect$$libshutdown$$00000002)
    __rt_lib_shutdown_fp_trap_1              0x0800016b   Thumb Code     0  libshutdown2.o(.ARM.Collect$$libshutdown$$00000007)
    __rt_lib_shutdown_heap_1                 0x0800016b   Thumb Code     0  libshutdown2.o(.ARM.Collect$$libshutdown$$0000000F)
    __rt_lib_shutdown_return                 0x0800016b   Thumb Code     0  libshutdown2.o(.ARM.Collect$$libshutdown$$00000010)
    __rt_lib_shutdown_signal_1               0x0800016b   Thumb Code     0  libshutdown2.o(.ARM.Collect$$libshutdown$$0000000A)
    __rt_lib_shutdown_stdio_1                0x0800016b   Thumb Code     0  libshutdown2.o(.ARM.Collect$$libshutdown$$00000004)
    __rt_lib_shutdown_user_alloc_1           0x0800016b   Thumb Code     0  libshutdown2.o(.ARM.Collect$$libshutdown$$0000000C)
    __rt_entry                               0x0800016d   Thumb Code     0  __rtentry.o(.ARM.Collect$$rtentry$$00000000)
    __rt_entry_presh_1                       0x0800016d   Thumb Code     0  __rtentry2.o(.ARM.Collect$$rtentry$$00000002)
    __rt_entry_sh                            0x0800016d   Thumb Code     0  __rtentry4.o(.ARM.Collect$$rtentry$$00000004)
    __rt_entry_li                            0x08000173   Thumb Code     0  __rtentry2.o(.ARM.Collect$$rtentry$$0000000A)
    __rt_entry_postsh_1                      0x08000173   Thumb Code     0  __rtentry2.o(.ARM.Collect$$rtentry$$00000009)
    __rt_entry_main                          0x08000177   Thumb Code     0  __rtentry2.o(.ARM.Collect$$rtentry$$0000000D)
    __rt_entry_postli_1                      0x08000177   Thumb Code     0  __rtentry2.o(.ARM.Collect$$rtentry$$0000000C)
    __rt_exit                                0x0800017f   Thumb Code     0  rtexit.o(.ARM.Collect$$rtexit$$00000000)
    __rt_exit_ls                             0x08000181   Thumb Code     0  rtexit2.o(.ARM.Collect$$rtexit$$00000003)
    __rt_exit_prels_1                        0x08000181   Thumb Code     0  rtexit2.o(.ARM.Collect$$rtexit$$00000002)
    __rt_exit_exit                           0x08000185   Thumb Code     0  rtexit2.o(.ARM.Collect$$rtexit$$00000004)
    Reset_Handler                            0x0800018d   Thumb Code     8  startup_stm32f103xb.o(.text)
    ADC1_2_IRQHandler                        0x080001a7   Thumb Code     0  startup_stm32f103xb.o(.text)
    CAN1_RX1_IRQHandler                      0x080001a7   Thumb Code     0  startup_stm32f103xb.o(.text)
    CAN1_SCE_IRQHandler                      0x080001a7   Thumb Code     0  startup_stm32f103xb.o(.text)
    DMA1_Channel2_IRQHandler                 0x080001a7   Thumb Code     0  startup_stm32f103xb.o(.text)
    DMA1_Channel3_IRQHandler                 0x080001a7   Thumb Code     0  startup_stm32f103xb.o(.text)
    DMA1_Channel6_IRQHandler                 0x080001a7   Thumb Code     0  startup_stm32f103xb.o(.text)
    DMA1_Channel7_IRQHandler                 0x080001a7   Thumb Code     0  startup_stm32f103xb.o(.text)
    EXTI0_IRQHandler                         0x080001a7   Thumb Code     0  startup_stm32f103xb.o(.text)
    EXTI15_10_IRQHandler                     0x080001a7   Thumb Code     0  startup_stm32f103xb.o(.text)
    EXTI1_IRQHandler                         0x080001a7   Thumb Code     0  startup_stm32f103xb.o(.text)
    EXTI2_IRQHandler                         0x080001a7   Thumb Code     0  startup_stm32f103xb.o(.text)
    EXTI3_IRQHandler                         0x080001a7   Thumb Code     0  startup_stm32f103xb.o(.text)
    EXTI4_IRQHandler                         0x080001a7   Thumb Code     0  startup_stm32f103xb.o(.text)
    EXTI9_5_IRQHandler                       0x080001a7   Thumb Code     0  startup_stm32f103xb.o(.text)
    FLASH_IRQHandler                         0x080001a7   Thumb Code     0  startup_stm32f103xb.o(.text)
    I2C1_ER_IRQHandler                       0x080001a7   Thumb Code     0  startup_stm32f103xb.o(.text)
    I2C1_EV_IRQHandler                       0x080001a7   Thumb Code     0  startup_stm32f103xb.o(.text)
    I2C2_ER_IRQHandler                       0x080001a7   Thumb Code     0  startup_stm32f103xb.o(.text)
    I2C2_EV_IRQHandler                       0x080001a7   Thumb Code     0  startup_stm32f103xb.o(.text)
    PVD_IRQHandler                           0x080001a7   Thumb Code     0  startup_stm32f103xb.o(.text)
    RCC_IRQHandler                           0x080001a7   Thumb Code     0  startup_stm32f103xb.o(.text)
    RTC_Alarm_IRQHandler                     0x080001a7   Thumb Code     0  startup_stm32f103xb.o(.text)
    RTC_IRQHandler                           0x080001a7   Thumb Code     0  startup_stm32f103xb.o(.text)
    SPI1_IRQHandler                          0x080001a7   Thumb Code     0  startup_stm32f103xb.o(.text)
    SPI2_IRQHandler                          0x080001a7   Thumb Code     0  startup_stm32f103xb.o(.text)
    TAMPER_IRQHandler                        0x080001a7   Thumb Code     0  startup_stm32f103xb.o(.text)
    TIM1_BRK_IRQHandler                      0x080001a7   Thumb Code     0  startup_stm32f103xb.o(.text)
    TIM1_CC_IRQHandler                       0x080001a7   Thumb Code     0  startup_stm32f103xb.o(.text)
    TIM3_IRQHandler                          0x080001a7   Thumb Code     0  startup_stm32f103xb.o(.text)
    TIM4_IRQHandler                          0x080001a7   Thumb Code     0  startup_stm32f103xb.o(.text)
    USART2_IRQHandler                        0x080001a7   Thumb Code     0  startup_stm32f103xb.o(.text)
    USART3_IRQHandler                        0x080001a7   Thumb Code     0  startup_stm32f103xb.o(.text)
    USBWakeUp_IRQHandler                     0x080001a7   Thumb Code     0  startup_stm32f103xb.o(.text)
    USB_HP_CAN1_TX_IRQHandler                0x080001a7   Thumb Code     0  startup_stm32f103xb.o(.text)
    USB_LP_CAN1_RX0_IRQHandler               0x080001a7   Thumb Code     0  startup_stm32f103xb.o(.text)
    WWDG_IRQHandler                          0x080001a7   Thumb Code     0  startup_stm32f103xb.o(.text)
    __user_initial_stackheap                 0x080001a9   Thumb Code     0  startup_stm32f103xb.o(.text)
    __aeabi_memcpy4                          0x080001cd   Thumb Code     0  rt_memcpy_w.o(.text)
    __aeabi_memcpy8                          0x080001cd   Thumb Code     0  rt_memcpy_w.o(.text)
    __rt_memcpy_w                            0x080001cd   Thumb Code   100  rt_memcpy_w.o(.text)
    _memcpy_lastbytes_aligned                0x08000215   Thumb Code     0  rt_memcpy_w.o(.text)
    __aeabi_memclr4                          0x08000231   Thumb Code     0  rt_memclr_w.o(.text)
    __aeabi_memclr8                          0x08000231   Thumb Code     0  rt_memclr_w.o(.text)
    __rt_memclr_w                            0x08000231   Thumb Code    78  rt_memclr_w.o(.text)
    _memset_w                                0x08000235   Thumb Code     0  rt_memclr_w.o(.text)
    __use_two_region_memory                  0x0800027f   Thumb Code     2  heapauxi.o(.text)
    __rt_heap_escrow$2region                 0x08000281   Thumb Code     2  heapauxi.o(.text)
    __rt_heap_expand$2region                 0x08000283   Thumb Code     2  heapauxi.o(.text)
    __cpp_initialize__aeabi_                 0x08000285   Thumb Code    26  init_aeabi.o(.text)
    __read_errno                             0x080002a9   Thumb Code    10  _rserrno.o(.text)
    __set_errno                              0x080002b3   Thumb Code    12  _rserrno.o(.text)
    _sys_exit                                0x080002c1   Thumb Code     8  sys_exit.o(.text)
    __aeabi_errno_addr                       0x080002cd   Thumb Code     8  rt_errno_addr_intlibspace.o(.text)
    __errno$intlibspace                      0x080002cd   Thumb Code     0  rt_errno_addr_intlibspace.o(.text)
    __rt_errno_addr$intlibspace              0x080002cd   Thumb Code     0  rt_errno_addr_intlibspace.o(.text)
    __user_libspace                          0x080002d5   Thumb Code     8  libspace.o(.text)
    __user_perproc_libspace                  0x080002d5   Thumb Code     0  libspace.o(.text)
    __user_perthread_libspace                0x080002d5   Thumb Code     0  libspace.o(.text)
    __I$use$semihosting                      0x080002dd   Thumb Code     0  use_no_semi.o(.text)
    __use_no_semihosting_swi                 0x080002dd   Thumb Code     2  use_no_semi.o(.text)
    __semihosting_library_function           0x080002df   Thumb Code     0  indicate_semi.o(.text)
    __user_setup_stackheap                   0x080002df   Thumb Code    74  sys_stackheap_outer.o(.text)
    exit                                     0x08000329   Thumb Code    18  exit.o(.text)
    ADC_ConversionStop_Disable               0x0800033b   Thumb Code    82  stm32f1xx_hal_adc.o(.text.ADC_ConversionStop_Disable)
    BusFault_Handler                         0x0800038d   Thumb Code     2  stm32f1xx_it.o(.text.BusFault_Handler)
    DMA1_Channel1_IRQHandler                 0x08000391   Thumb Code    12  stm32f1xx_it.o(.text.DMA1_Channel1_IRQHandler)
    DMA1_Channel4_IRQHandler                 0x08000399   Thumb Code    12  stm32f1xx_it.o(.text.DMA1_Channel4_IRQHandler)
    DMA1_Channel5_IRQHandler                 0x080003a5   Thumb Code    12  stm32f1xx_it.o(.text.DMA1_Channel5_IRQHandler)
    DebugMon_Handler                         0x080003d9   Thumb Code     2  stm32f1xx_it.o(.text.DebugMon_Handler)
    Error_Handler                            0x080003db   Thumb Code     8  main.o(.text.Error_Handler)
    HAL_ADC_ConfigChannel                    0x080003e5   Thumb Code   280  stm32f1xx_hal_adc.o(.text.HAL_ADC_ConfigChannel)
    HAL_ADC_Init                             0x080004fd   Thumb Code   272  stm32f1xx_hal_adc.o(.text.HAL_ADC_Init)
    HAL_ADC_MspInit                          0x0800060d   Thumb Code   152  adc.o(.text.HAL_ADC_MspInit)
    HAL_DMA_Abort                            0x080006a1   Thumb Code    62  stm32f1xx_hal_dma.o(.text.HAL_DMA_Abort)
    HAL_DMA_Abort_IT                         0x080006e1   Thumb Code   164  stm32f1xx_hal_dma.o(.text.HAL_DMA_Abort_IT)
    HAL_DMA_IRQHandler                       0x0800076d   Thumb Code   320  stm32f1xx_hal_dma.o(.text.HAL_DMA_IRQHandler)
    HAL_DMA_Init                             0x080008ad   Thumb Code   116  stm32f1xx_hal_dma.o(.text.HAL_DMA_Init)
    HAL_DMA_Start_IT                         0x08000921   Thumb Code   110  stm32f1xx_hal_dma.o(.text.HAL_DMA_Start_IT)
    HAL_Delay                                0x08000991   Thumb Code    44  stm32f1xx_hal.o(.text.HAL_Delay)
    HAL_GPIO_Init                            0x080009b9   Thumb Code   452  stm32f1xx_hal_gpio.o(.text.HAL_GPIO_Init)
    HAL_GPIO_WritePin                        0x08000b79   Thumb Code    10  stm32f1xx_hal_gpio.o(.text.HAL_GPIO_WritePin)
    HAL_GetTick                              0x08000b85   Thumb Code    12  stm32f1xx_hal.o(.text.HAL_GetTick)
    HAL_IncTick                              0x08000b8d   Thumb Code    16  stm32f1xx_hal.o(.text.HAL_IncTick)
    HAL_Init                                 0x08000b99   Thumb Code    36  stm32f1xx_hal.o(.text.HAL_Init)
    HAL_InitTick                             0x08000bbd   Thumb Code    64  stm32f1xx_hal.o(.text.HAL_InitTick)
    HAL_MspInit                              0x08000bf9   Thumb Code    64  stm32f1xx_hal_msp.o(.text.HAL_MspInit)
    HAL_NVIC_EnableIRQ                       0x08000c39   Thumb Code    28  stm32f1xx_hal_cortex.o(.text.HAL_NVIC_EnableIRQ)
    HAL_NVIC_SetPriority                     0x08000c55   Thumb Code    92  stm32f1xx_hal_cortex.o(.text.HAL_NVIC_SetPriority)
    HAL_NVIC_SetPriorityGrouping             0x08000cad   Thumb Code    32  stm32f1xx_hal_cortex.o(.text.HAL_NVIC_SetPriorityGrouping)
    HAL_RCCEx_PeriphCLKConfig                0x08000ccd   Thumb Code   256  stm32f1xx_hal_rcc_ex.o(.text.HAL_RCCEx_PeriphCLKConfig)
    HAL_RCC_ClockConfig                      0x08000dc9   Thumb Code   312  stm32f1xx_hal_rcc.o(.text.HAL_RCC_ClockConfig)
    HAL_RCC_GetPCLK1Freq                     0x08000efd   Thumb Code    32  stm32f1xx_hal_rcc.o(.text.HAL_RCC_GetPCLK1Freq)
    HAL_RCC_GetPCLK2Freq                     0x08000f11   Thumb Code    32  stm32f1xx_hal_rcc.o(.text.HAL_RCC_GetPCLK2Freq)
    HAL_RCC_GetSysClockFreq                  0x08000f2d   Thumb Code    88  stm32f1xx_hal_rcc.o(.text.HAL_RCC_GetSysClockFreq)
    HAL_RCC_OscConfig                        0x08000f85   Thumb Code   896  stm32f1xx_hal_rcc.o(.text.HAL_RCC_OscConfig)
    HAL_SPI_Init                             0x08001305   Thumb Code   182  stm32f1xx_hal_spi.o(.text.HAL_SPI_Init)
    HAL_SPI_MspInit                          0x080013bd   Thumb Code   132  spi.o(.text.HAL_SPI_MspInit)
    HAL_SYSTICK_Config                       0x08001441   Thumb Code    40  stm32f1xx_hal_cortex.o(.text.HAL_SYSTICK_Config)
    HAL_TIMEx_BreakCallback                  0x08001469   Thumb Code     2  stm32f1xx_hal_tim_ex.o(.text.HAL_TIMEx_BreakCallback)
    HAL_TIMEx_CommutCallback                 0x0800146b   Thumb Code     2  stm32f1xx_hal_tim_ex.o(.text.HAL_TIMEx_CommutCallback)
    HAL_TIMEx_ConfigBreakDeadTime            0x0800146d   Thumb Code    80  stm32f1xx_hal_tim_ex.o(.text.HAL_TIMEx_ConfigBreakDeadTime)
    HAL_TIMEx_MasterConfigSynchronization    0x080014bd   Thumb Code   108  stm32f1xx_hal_tim_ex.o(.text.HAL_TIMEx_MasterConfigSynchronization)
    HAL_TIMEx_PWMN_Start                     0x0800151d   Thumb Code   160  stm32f1xx_hal_tim_ex.o(.text.HAL_TIMEx_PWMN_Start)
    HAL_TIM_Base_Init                        0x080015b1   Thumb Code    88  stm32f1xx_hal_tim.o(.text.HAL_TIM_Base_Init)
    HAL_TIM_Base_MspInit                     0x08001609   Thumb Code    56  tim.o(.text.HAL_TIM_Base_MspInit)
    HAL_TIM_Base_Start_IT                    0x08001641   Thumb Code    88  stm32f1xx_hal_tim.o(.text.HAL_TIM_Base_Start_IT)
    HAL_TIM_ConfigClockSource                0x08001699   Thumb Code   248  stm32f1xx_hal_tim.o(.text.HAL_TIM_ConfigClockSource)
    HAL_TIM_IC_CaptureCallback               0x08001791   Thumb Code     2  stm32f1xx_hal_tim.o(.text.HAL_TIM_IC_CaptureCallback)
    HAL_TIM_IRQHandler                       0x08001793   Thumb Code   370  stm32f1xx_hal_tim.o(.text.HAL_TIM_IRQHandler)
    HAL_TIM_MspPostInit                      0x08001905   Thumb Code   144  tim.o(.text.HAL_TIM_MspPostInit)
    HAL_TIM_OC_DelayElapsedCallback          0x08001991   Thumb Code     2  stm32f1xx_hal_tim.o(.text.HAL_TIM_OC_DelayElapsedCallback)
    HAL_TIM_PWM_ConfigChannel                0x08001995   Thumb Code   154  stm32f1xx_hal_tim.o(.text.HAL_TIM_PWM_ConfigChannel)
    HAL_TIM_PWM_Init                         0x08001a2f   Thumb Code    88  stm32f1xx_hal_tim.o(.text.HAL_TIM_PWM_Init)
    HAL_TIM_PWM_MspInit                      0x08001a89   Thumb Code    76  tim.o(.text.HAL_TIM_PWM_MspInit)
    HAL_TIM_PWM_PulseFinishedCallback        0x08001ad1   Thumb Code     2  stm32f1xx_hal_tim.o(.text.HAL_TIM_PWM_PulseFinishedCallback)
    HAL_TIM_PWM_Start                        0x08001ad5   Thumb Code   164  stm32f1xx_hal_tim.o(.text.HAL_TIM_PWM_Start)
    HAL_TIM_PeriodElapsedCallback            0x08001b79   Thumb Code   132  user_main.o(.text.HAL_TIM_PeriodElapsedCallback)
    HAL_TIM_TriggerCallback                  0x08001bfd   Thumb Code     2  stm32f1xx_hal_tim.o(.text.HAL_TIM_TriggerCallback)
    HAL_UARTEx_RxEventCallback               0x08001bff   Thumb Code     2  stm32f1xx_hal_uart.o(.text.HAL_UARTEx_RxEventCallback)
    HAL_UART_ErrorCallback                   0x08001c01   Thumb Code     2  stm32f1xx_hal_uart.o(.text.HAL_UART_ErrorCallback)
    HAL_UART_IRQHandler                      0x08001c05   Thumb Code   676  stm32f1xx_hal_uart.o(.text.HAL_UART_IRQHandler)
    HAL_UART_Init                            0x08001ea9   Thumb Code    94  stm32f1xx_hal_uart.o(.text.HAL_UART_Init)
    HAL_UART_MspInit                         0x08001f09   Thumb Code   248  usart.o(.text.HAL_UART_MspInit)
    HAL_UART_RxCpltCallback                  0x08001ffd   Thumb Code     2  stm32f1xx_hal_uart.o(.text.HAL_UART_RxCpltCallback)
    HAL_UART_Transmit_DMA                    0x08002001   Thumb Code   116  stm32f1xx_hal_uart.o(.text.HAL_UART_Transmit_DMA)
    HAL_UART_TxCpltCallback                  0x08002075   Thumb Code     2  stm32f1xx_hal_uart.o(.text.HAL_UART_TxCpltCallback)
    HAL_UART_TxHalfCpltCallback              0x08002077   Thumb Code     2  stm32f1xx_hal_uart.o(.text.HAL_UART_TxHalfCpltCallback)
    HardFault_Handler                        0x08002079   Thumb Code     2  stm32f1xx_it.o(.text.HardFault_Handler)
    MX_ADC1_Init                             0x0800207d   Thumb Code   104  adc.o(.text.MX_ADC1_Init)
    MX_DMA_Init                              0x080020e5   Thumb Code    80  dma.o(.text.MX_DMA_Init)
    MX_GPIO_Init                             0x08002135   Thumb Code   108  gpio.o(.text.MX_GPIO_Init)
    MX_SPI1_Init                             0x080021a1   Thumb Code    72  spi.o(.text.MX_SPI1_Init)
    MX_TIM1_Init                             0x080021e9   Thumb Code   192  tim.o(.text.MX_TIM1_Init)
    MX_TIM2_Init                             0x080022a1   Thumb Code   100  tim.o(.text.MX_TIM2_Init)
    MX_USART1_UART_Init                      0x08002301   Thumb Code    56  usart.o(.text.MX_USART1_UART_Init)
    MemManage_Handler                        0x08002339   Thumb Code     2  stm32f1xx_it.o(.text.MemManage_Handler)
    NMI_Handler                              0x0800233b   Thumb Code     2  stm32f1xx_it.o(.text.NMI_Handler)
    PendSV_Handler                           0x0800233d   Thumb Code     2  stm32f1xx_it.o(.text.PendSV_Handler)
    SVC_Handler                              0x0800233f   Thumb Code     2  stm32f1xx_it.o(.text.SVC_Handler)
    SysTick_Handler                          0x08002341   Thumb Code     4  stm32f1xx_it.o(.text.SysTick_Handler)
    SystemClock_Config                       0x08002345   Thumb Code   136  main.o(.text.SystemClock_Config)
    SystemInit                               0x080023cd   Thumb Code     2  system_stm32f1xx.o(.text.SystemInit)
    TIM1_TRG_COM_IRQHandler                  0x080023d1   Thumb Code    12  stm32f1xx_it.o(.text.TIM1_TRG_COM_IRQHandler)
    TIM1_UP_IRQHandler                       0x080023d9   Thumb Code    12  stm32f1xx_it.o(.text.TIM1_UP_IRQHandler)
    TIM2_IRQHandler                          0x080023e5   Thumb Code    12  stm32f1xx_it.o(.text.TIM2_IRQHandler)
    TIM_Base_SetConfig                       0x080023f1   Thumb Code   116  stm32f1xx_hal_tim.o(.text.TIM_Base_SetConfig)
    TIM_OC2_SetConfig                        0x080024b9   Thumb Code   100  stm32f1xx_hal_tim.o(.text.TIM_OC2_SetConfig)
    USART1_IRQHandler                        0x08002861   Thumb Code    12  stm32f1xx_it.o(.text.USART1_IRQHandler)
    UsageFault_Handler                       0x08002869   Thumb Code     2  stm32f1xx_it.o(.text.UsageFault_Handler)
    Vofa_JustFloat                           0x0800286d   Thumb Code    92  vofa.o(.text.Vofa_JustFloat)
    Constraint(float)                        0x08002965   Thumb Code    38  motor.o(.text._Z10Constraintf)
    GetRawData()                             0x0800298d   Thumb Code    40  encoder.o(.text._Z10GetRawDatav)
    SetVoltage(float, float, float)          0x080029b1   Thumb Code   168  motor.o(.text._Z10SetVoltagefff)
    GetRawAngle()                            0x08002a55   Thumb Code    32  encoder.o(.text._Z11GetRawAnglev)
    Encoder_Init()                           0x08002a75   Thumb Code    32  encoder.o(.text._Z12Encoder_Initv)
    SetPhaseVoltage(float, float, float)     0x08002a95   Thumb Code   516  motor.o(.text._Z15SetPhaseVoltagefff)
    SpiCalcEvenParity(unsigned short)        0x08002c95   Thumb Code    30  encoder.o(.text._Z17SpiCalcEvenParityt)
    delayMicroSeconds(unsigned)              0x08002cb3   Thumb Code    18  time_utils.o(.text._Z17delayMicroSecondsj)
    SetPwmDutyByRegister(float, float, float) 0x08002cc5   Thumb Code    96  motor.o(.text._Z20SetPwmDutyByRegisterfff)
    VelocityOpenLoopTick(float)              0x08002d21   Thumb Code   164  motor.o(.text._Z20VelocityOpenLoopTickf)
    SpiTransmitAndRead16Bits(unsigned short) 0x08002dc1   Thumb Code   176  encoder.o(.text._Z24SpiTransmitAndRead16Bitst)
    micros()                                 0x08002e71   Thumb Code    84  time_utils.o(.text._Z6microsv)
    VarInit()                                0x08002ec5   Thumb Code    64  encoder.o(.text._Z7VarInitv)
    Normalize(float)                         0x08002f05   Thumb Code    40  math_utils.o(.text._Z9Normalizef)
    SinApprox(float)                         0x08002f2d   Thumb Code   144  math_utils.o(.text._Z9SinApproxf)
    LowPassFilter::LowPassFilter__sub_object(float) 0x08002fbd   Thumb Code    20  lowpass_filter.o(.text._ZN13LowPassFilterC2Ef)
    PidController::PidController__sub_object(float, float, float, float, float) 0x08002fd1   Thumb Code    36  pid.o(.text._ZN13PidControllerC2Efffff)
    main                                     0x08002ff5   Thumb Code    44  main.o(.text.main)
    user_main                                0x08003021   Thumb Code   104  user_main.o(.text.user_main)
    __mathlib_flt_invalid                    0x08003089   Thumb Code     8  funder.o(i.__mathlib_flt_invalid)
    floorf                                   0x08003091   Thumb Code   112  floorf.o(i.floorf)
    fmodf                                    0x0800310d   Thumb Code   108  fmodf.o(i.fmodf)
    __aeabi_fadd                             0x08003179   Thumb Code     0  faddsub_clz.o(x$fpl$fadd)
    _fadd                                    0x08003179   Thumb Code   196  faddsub_clz.o(x$fpl$fadd)
    __aeabi_fcmpeq                           0x0800323d   Thumb Code     0  fcmp.o(x$fpl$fcmp)
    _feq                                     0x0800323d   Thumb Code    14  fcmp.o(x$fpl$fcmp)
    _fneq                                    0x0800324b   Thumb Code    14  fcmp.o(x$fpl$fcmp)
    __aeabi_fcmpgt                           0x08003259   Thumb Code     0  fcmp.o(x$fpl$fcmp)
    _fgr                                     0x08003259   Thumb Code    14  fcmp.o(x$fpl$fcmp)
    __aeabi_fcmpge                           0x08003267   Thumb Code     0  fcmp.o(x$fpl$fcmp)
    _fgeq                                    0x08003267   Thumb Code    14  fcmp.o(x$fpl$fcmp)
    __aeabi_fcmple                           0x08003275   Thumb Code     0  fcmp.o(x$fpl$fcmp)
    _fleq                                    0x08003275   Thumb Code    14  fcmp.o(x$fpl$fcmp)
    __aeabi_fcmplt                           0x08003283   Thumb Code     0  fcmp.o(x$fpl$fcmp)
    _fls                                     0x08003283   Thumb Code    14  fcmp.o(x$fpl$fcmp)
    __fpl_fcmp_Inf                           0x08003291   Thumb Code    24  fcmpi.o(x$fpl$fcmpinf)
    __aeabi_fdiv                             0x080032a9   Thumb Code     0  fdiv.o(x$fpl$fdiv)
    _fdiv                                    0x080032a9   Thumb Code   384  fdiv.o(x$fpl$fdiv)
    __aeabi_cfcmpeq                          0x0800342d   Thumb Code     0  feqf.o(x$fpl$feqf)
    _fcmpeq                                  0x0800342d   Thumb Code   104  feqf.o(x$fpl$feqf)
    __aeabi_f2iz                             0x08003495   Thumb Code     0  ffix.o(x$fpl$ffix)
    _ffix                                    0x08003495   Thumb Code    54  ffix.o(x$fpl$ffix)
    __aeabi_f2uiz                            0x080034cd   Thumb Code     0  ffixu.o(x$fpl$ffixu)
    _ffixu                                   0x080034cd   Thumb Code    62  ffixu.o(x$fpl$ffixu)
    __aeabi_i2f                              0x0800350d   Thumb Code     0  fflt_clz.o(x$fpl$fflt)
    _fflt                                    0x0800350d   Thumb Code    48  fflt_clz.o(x$fpl$fflt)
    __aeabi_ul2f                             0x0800353d   Thumb Code     0  ffltll_clz.o(x$fpl$ffltll)
    _ll_uto_f                                0x0800353d   Thumb Code     6  ffltll_clz.o(x$fpl$ffltll)
    __aeabi_l2f                              0x08003543   Thumb Code     0  ffltll_clz.o(x$fpl$ffltll)
    _ll_sto_f                                0x08003543   Thumb Code    90  ffltll_clz.o(x$fpl$ffltll)
    __aeabi_ui2f                             0x0800359d   Thumb Code     0  fflt_clz.o(x$fpl$ffltu)
    _ffltu                                   0x0800359d   Thumb Code    38  fflt_clz.o(x$fpl$ffltu)
    _fcmpge                                  0x080035c5   Thumb Code   104  fgeqf.o(x$fpl$fgeqf)
    __aeabi_cfcmple                          0x0800362d   Thumb Code     0  fleqf.o(x$fpl$fleqf)
    _fcmple                                  0x0800362d   Thumb Code   104  fleqf.o(x$fpl$fleqf)
    __fpl_fcmple_InfNaN                      0x0800367f   Thumb Code     0  fleqf.o(x$fpl$fleqf)
    __aeabi_fmul                             0x08003695   Thumb Code     0  fmul.o(x$fpl$fmul)
    _fmul                                    0x08003695   Thumb Code   258  fmul.o(x$fpl$fmul)
    __fpl_fnaninf                            0x08003797   Thumb Code   140  fnaninf.o(x$fpl$fnaninf)
    _frem                                    0x08003825   Thumb Code   240  frem_clz.o(x$fpl$frem)
    __fpl_fretinf                            0x08003919   Thumb Code    10  fretinf.o(x$fpl$fretinf)
    __aeabi_frsub                            0x08003923   Thumb Code     0  faddsub_clz.o(x$fpl$frsb)
    _frsb                                    0x08003923   Thumb Code    20  faddsub_clz.o(x$fpl$frsb)
    __aeabi_fsub                             0x08003939   Thumb Code     0  faddsub_clz.o(x$fpl$fsub)
    _fsub                                    0x08003939   Thumb Code   234  faddsub_clz.o(x$fpl$fsub)
    AHBPrescTable                            0x08003a22   Data          16  system_stm32f1xx.o(.rodata.AHBPrescTable)
    __I$use$fp                               0x08003a22   Number         0  usenofp.o(x$fpl$usenofp)
    APBPrescTable                            0x08003a32   Data           8  system_stm32f1xx.o(.rodata.APBPrescTable)
    Region$$Table$$Base                      0x08003d5c   Number         0  anon$$obj.o(Region$$Table)
    Region$$Table$$Limit                     0x08003d7c   Number         0  anon$$obj.o(Region$$Table)
    SHT$$INIT_ARRAY$$Base                    0x08003d7c   Number         0  lowpass_filter.o(.init_array)
    SHT$$INIT_ARRAY$$Limit                   0x08003d84   Number         0  pid.o(.init_array)
    uwTickFreq                               0x20000000   Data           1  stm32f1xx_hal.o(.data..L_MergedGlobals)
    uwTickPrio                               0x20000004   Data           4  stm32f1xx_hal.o(.data..L_MergedGlobals)
    uwTick                                   0x20000008   Data           4  stm32f1xx_hal.o(.data..L_MergedGlobals)
    controlMode                              0x20000010   Data           1  motor.o(.data..L_MergedGlobals)
    polePairs                                0x20000014   Data           4  motor.o(.data..L_MergedGlobals)
    voltageA                                 0x20000018   Data           4  motor.o(.data..L_MergedGlobals)
    voltageB                                 0x2000001c   Data           4  motor.o(.data..L_MergedGlobals)
    voltageC                                 0x20000020   Data           4  motor.o(.data..L_MergedGlobals)
    estimateAngle                            0x20000024   Data           4  motor.o(.data..L_MergedGlobals)
    estimateVelocity                         0x20000028   Data           4  motor.o(.data..L_MergedGlobals)
    setPointCurrent                          0x2000002c   Data           4  motor.o(.data..L_MergedGlobals)
    setPointVelocity                         0x20000030   Data           4  motor.o(.data..L_MergedGlobals)
    setPointAngle                            0x20000034   Data           4  motor.o(.data..L_MergedGlobals)
    deltaT                                   0x20000038   Data           4  motor.o(.data..L_MergedGlobals)
    t0                                       0x2000003c   Data           4  motor.o(.data..L_MergedGlobals)
    t1                                       0x20000040   Data           4  motor.o(.data..L_MergedGlobals)
    t2                                       0x20000044   Data           4  motor.o(.data..L_MergedGlobals)
    dutyA                                    0x20000048   Data           4  motor.o(.data..L_MergedGlobals)
    dutyB                                    0x2000004c   Data           4  motor.o(.data..L_MergedGlobals)
    dutyC                                    0x20000050   Data           4  motor.o(.data..L_MergedGlobals)
    voltagePowerSupply                       0x20000054   Data           4  motor.o(.data..L_MergedGlobals)
    target                                   0x20000058   Data           4  motor.o(.data..L_MergedGlobals)
    openLoopTimestamp                        0x20000060   Data           8  motor.o(.data..L_MergedGlobals)
    t                                        0x20000068   Data           8  motor.o(.data..L_MergedGlobals)
    PERIOD_COUNT                             0x20000070   Data           2  motor.o(.data.PERIOD_COUNT)
    SystemCoreClock                          0x20000074   Data           4  system_stm32f1xx.o(.data.SystemCoreClock)
    spiHandle                                0x20000078   Data           4  encoder.o(.data.spiHandle)
    __libspace_start                         0x20000080   Data          96  libspace.o(.bss)
    __temporary_stack_top$libspace           0x200000e0   Data           0  libspace.o(.bss)
    hdma_usart1_rx                           0x200000e0   Data          68  usart.o(.bss..L_MergedGlobals)
    m                                        0x20000124   Data           4  time_utils.o(.bss..L_MergedGlobals)
    tms                                      0x20000128   Data           4  time_utils.o(.bss..L_MergedGlobals)
    u                                        0x2000012c   Data           4  time_utils.o(.bss..L_MergedGlobals)
    command                                  0x20000130   Data           2  encoder.o(.bss..L_MergedGlobals)
    registerVal                              0x20000132   Data           2  encoder.o(.bss..L_MergedGlobals)
    angleLast                                0x20000134   Data           4  encoder.o(.bss..L_MergedGlobals)
    velocityLast                             0x20000138   Data           4  encoder.o(.bss..L_MergedGlobals)
    rotationCount                            0x2000013c   Data           4  encoder.o(.bss..L_MergedGlobals)
    rotationCountLast                        0x20000140   Data           4  encoder.o(.bss..L_MergedGlobals)
    angleTimestamp                           0x20000148   Data           8  encoder.o(.bss..L_MergedGlobals)
    velocityTimestamp                        0x20000150   Data           8  encoder.o(.bss..L_MergedGlobals)
    lpfAngle                                 0x20000160   Data          12  lowpass_filter.o(.bss..L_MergedGlobals)
    lpfVelocity                              0x2000016c   Data          12  lowpass_filter.o(.bss..L_MergedGlobals)
    pidCurrentQ                              0x20000180   Data          36  pid.o(.bss..L_MergedGlobals)
    pidCurrentD                              0x200001a4   Data          36  pid.o(.bss..L_MergedGlobals)
    pidVelocity                              0x200001c8   Data          36  pid.o(.bss..L_MergedGlobals)
    hdma_usart1_tx                           0x200001f0   Data          68  usart.o(.bss..L_MergedGlobals.1)
    pidAngle                                 0x20000240   Data          36  pid.o(.bss..L_MergedGlobals.4)
    _angle                                   0x20000264   Data           4  motor.o(.bss._angle)
    hadc1                                    0x20000268   Data          48  adc.o(.bss.hadc1)
    hdma_adc1                                0x20000298   Data          68  adc.o(.bss.hdma_adc1)
    hspi1                                    0x200002dc   Data          88  spi.o(.bss.hspi1)
    htim1                                    0x20000334   Data          72  tim.o(.bss.htim1)
    htim2                                    0x2000037c   Data          72  tim.o(.bss.htim2)
    huart1                                   0x200003c4   Data          72  usart.o(.bss.huart1)



==============================================================================

Memory Map of the image

  Image Entry point : 0x080000ed

  Load Region LR_IROM1 (Base: 0x08000000, Size: 0x00003e10, Max: 0x00010000, ABSOLUTE)

    Execution Region ER_IROM1 (Exec base: 0x08000000, Load base: 0x08000000, Size: 0x00003d84, Max: 0x00010000, ABSOLUTE)

    Exec Addr    Load Addr    Size         Type   Attr      Idx    E Section Name        Object

    0x08000000   0x08000000   0x000000ec   Data   RO            3    RESET               startup_stm32f103xb.o
    0x080000ec   0x080000ec   0x00000008   Code   RO         1469  * !!!main             c_w.l(__main.o)
    0x080000f4   0x080000f4   0x00000034   Code   RO         2007    !!!scatter          c_w.l(__scatter.o)
    0x08000128   0x08000128   0x0000001a   Code   RO         2009    !!handler_copy      c_w.l(__scatter_copy.o)
    0x08000142   0x08000142   0x00000002   PAD
    0x08000144   0x08000144   0x0000001c   Code   RO         2011    !!handler_zi        c_w.l(__scatter_zi.o)
    0x08000160   0x08000160   0x00000002   Code   RO         1925    .ARM.Collect$$libinit$$00000000  c_w.l(libinit.o)
    0x08000162   0x08000162   0x00000000   Code   RO         1654    .ARM.Collect$$libinit$$00000002  c_w.l(libinit2.o)
    0x08000162   0x08000162   0x00000000   Code   RO         1656    .ARM.Collect$$libinit$$00000004  c_w.l(libinit2.o)
    0x08000162   0x08000162   0x00000000   Code   RO         1659    .ARM.Collect$$libinit$$0000000A  c_w.l(libinit2.o)
    0x08000162   0x08000162   0x00000000   Code   RO         1661    .ARM.Collect$$libinit$$0000000C  c_w.l(libinit2.o)
    0x08000162   0x08000162   0x00000000   Code   RO         1663    .ARM.Collect$$libinit$$0000000E  c_w.l(libinit2.o)
    0x08000162   0x08000162   0x00000000   Code   RO         1666    .ARM.Collect$$libinit$$00000011  c_w.l(libinit2.o)
    0x08000162   0x08000162   0x00000000   Code   RO         1668    .ARM.Collect$$libinit$$00000013  c_w.l(libinit2.o)
    0x08000162   0x08000162   0x00000000   Code   RO         1670    .ARM.Collect$$libinit$$00000015  c_w.l(libinit2.o)
    0x08000162   0x08000162   0x00000000   Code   RO         1672    .ARM.Collect$$libinit$$00000017  c_w.l(libinit2.o)
    0x08000162   0x08000162   0x00000000   Code   RO         1674    .ARM.Collect$$libinit$$00000019  c_w.l(libinit2.o)
    0x08000162   0x08000162   0x00000000   Code   RO         1676    .ARM.Collect$$libinit$$0000001B  c_w.l(libinit2.o)
    0x08000162   0x08000162   0x00000000   Code   RO         1678    .ARM.Collect$$libinit$$0000001D  c_w.l(libinit2.o)
    0x08000162   0x08000162   0x00000000   Code   RO         1680    .ARM.Collect$$libinit$$0000001F  c_w.l(libinit2.o)
    0x08000162   0x08000162   0x00000000   Code   RO         1682    .ARM.Collect$$libinit$$00000021  c_w.l(libinit2.o)
    0x08000162   0x08000162   0x00000000   Code   RO         1684    .ARM.Collect$$libinit$$00000023  c_w.l(libinit2.o)
    0x08000162   0x08000162   0x00000000   Code   RO         1686    .ARM.Collect$$libinit$$00000025  c_w.l(libinit2.o)
    0x08000162   0x08000162   0x00000000   Code   RO         1690    .ARM.Collect$$libinit$$0000002C  c_w.l(libinit2.o)
    0x08000162   0x08000162   0x00000000   Code   RO         1692    .ARM.Collect$$libinit$$0000002E  c_w.l(libinit2.o)
    0x08000162   0x08000162   0x00000000   Code   RO         1694    .ARM.Collect$$libinit$$00000030  c_w.l(libinit2.o)
    0x08000162   0x08000162   0x00000004   Code   RO         1695    .ARM.Collect$$libinit$$00000031  c_w.l(libinit2.o)
    0x08000166   0x08000166   0x00000000   Code   RO         1696    .ARM.Collect$$libinit$$00000032  c_w.l(libinit2.o)
    0x08000166   0x08000166   0x00000002   Code   RO         1697    .ARM.Collect$$libinit$$00000033  c_w.l(libinit2.o)
    0x08000168   0x08000168   0x00000002   Code   RO         1988    .ARM.Collect$$libshutdown$$00000000  c_w.l(libshutdown.o)
    0x0800016a   0x0800016a   0x00000000   Code   RO         1990    .ARM.Collect$$libshutdown$$00000002  c_w.l(libshutdown2.o)
    0x0800016a   0x0800016a   0x00000000   Code   RO         1992    .ARM.Collect$$libshutdown$$00000004  c_w.l(libshutdown2.o)
    0x0800016a   0x0800016a   0x00000000   Code   RO         1995    .ARM.Collect$$libshutdown$$00000007  c_w.l(libshutdown2.o)
    0x0800016a   0x0800016a   0x00000000   Code   RO         1998    .ARM.Collect$$libshutdown$$0000000A  c_w.l(libshutdown2.o)
    0x0800016a   0x0800016a   0x00000000   Code   RO         2000    .ARM.Collect$$libshutdown$$0000000C  c_w.l(libshutdown2.o)
    0x0800016a   0x0800016a   0x00000000   Code   RO         2003    .ARM.Collect$$libshutdown$$0000000F  c_w.l(libshutdown2.o)
    0x0800016a   0x0800016a   0x00000002   Code   RO         2004    .ARM.Collect$$libshutdown$$00000010  c_w.l(libshutdown2.o)
    0x0800016c   0x0800016c   0x00000000   Code   RO         1555    .ARM.Collect$$rtentry$$00000000  c_w.l(__rtentry.o)
    0x0800016c   0x0800016c   0x00000000   Code   RO         1811    .ARM.Collect$$rtentry$$00000002  c_w.l(__rtentry2.o)
    0x0800016c   0x0800016c   0x00000006   Code   RO         1823    .ARM.Collect$$rtentry$$00000004  c_w.l(__rtentry4.o)
    0x08000172   0x08000172   0x00000000   Code   RO         1813    .ARM.Collect$$rtentry$$00000009  c_w.l(__rtentry2.o)
    0x08000172   0x08000172   0x00000004   Code   RO         1814    .ARM.Collect$$rtentry$$0000000A  c_w.l(__rtentry2.o)
    0x08000176   0x08000176   0x00000000   Code   RO         1816    .ARM.Collect$$rtentry$$0000000C  c_w.l(__rtentry2.o)
    0x08000176   0x08000176   0x00000008   Code   RO         1817    .ARM.Collect$$rtentry$$0000000D  c_w.l(__rtentry2.o)
    0x0800017e   0x0800017e   0x00000002   Code   RO         1936    .ARM.Collect$$rtexit$$00000000  c_w.l(rtexit.o)
    0x08000180   0x08000180   0x00000000   Code   RO         1960    .ARM.Collect$$rtexit$$00000002  c_w.l(rtexit2.o)
    0x08000180   0x08000180   0x00000004   Code   RO         1961    .ARM.Collect$$rtexit$$00000003  c_w.l(rtexit2.o)
    0x08000184   0x08000184   0x00000006   Code   RO         1962    .ARM.Collect$$rtexit$$00000004  c_w.l(rtexit2.o)
    0x0800018a   0x0800018a   0x00000002   PAD
    0x0800018c   0x0800018c   0x00000040   Code   RO            4    .text               startup_stm32f103xb.o
    0x080001cc   0x080001cc   0x00000064   Code   RO         1463    .text               c_w.l(rt_memcpy_w.o)
    0x08000230   0x08000230   0x0000004e   Code   RO         1465    .text               c_w.l(rt_memclr_w.o)
    0x0800027e   0x0800027e   0x00000006   Code   RO         1467    .text               c_w.l(heapauxi.o)
    0x08000284   0x08000284   0x00000024   Code   RO         1474    .text               c_w.l(init_aeabi.o)
    0x080002a8   0x080002a8   0x00000016   Code   RO         1556    .text               c_w.l(_rserrno.o)
    0x080002be   0x080002be   0x00000002   PAD
    0x080002c0   0x080002c0   0x0000000c   Code   RO         1806    .text               c_w.l(sys_exit.o)
    0x080002cc   0x080002cc   0x00000008   Code   RO         1828    .text               c_w.l(rt_errno_addr_intlibspace.o)
    0x080002d4   0x080002d4   0x00000008   Code   RO         1863    .text               c_w.l(libspace.o)
    0x080002dc   0x080002dc   0x00000002   Code   RO         1866    .text               c_w.l(use_no_semi.o)
    0x080002de   0x080002de   0x00000000   Code   RO         1868    .text               c_w.l(indicate_semi.o)
    0x080002de   0x080002de   0x0000004a   Code   RO         1869    .text               c_w.l(sys_stackheap_outer.o)
    0x08000328   0x08000328   0x00000012   Code   RO         1910    .text               c_w.l(exit.o)
    0x0800033a   0x0800033a   0x00000052   Code   RO          215    .text.ADC_ConversionStop_Disable  stm32f1xx_hal_adc.o
    0x0800038c   0x0800038c   0x00000002   Code   RO          145    .text.BusFault_Handler  stm32f1xx_it.o
    0x0800038e   0x0800038e   0x00000002   PAD
    0x08000390   0x08000390   0x00000008   Code   RO          157    .text.DMA1_Channel1_IRQHandler  stm32f1xx_it.o
    0x08000398   0x08000398   0x0000000c   Code   RO          159    .text.DMA1_Channel4_IRQHandler  stm32f1xx_it.o
    0x080003a4   0x080003a4   0x0000000c   Code   RO          161    .text.DMA1_Channel5_IRQHandler  stm32f1xx_it.o
    0x080003b0   0x080003b0   0x00000028   Code   RO          464    .text.DMA_SetConfig  stm32f1xx_hal_dma.o
    0x080003d8   0x080003d8   0x00000002   Code   RO          151    .text.DebugMon_Handler  stm32f1xx_it.o
    0x080003da   0x080003da   0x00000008   Code   RO           15    .text.Error_Handler  main.o
    0x080003e2   0x080003e2   0x00000002   PAD
    0x080003e4   0x080003e4   0x00000118   Code   RO          257    .text.HAL_ADC_ConfigChannel  stm32f1xx_hal_adc.o
    0x080004fc   0x080004fc   0x00000110   Code   RO          211    .text.HAL_ADC_Init  stm32f1xx_hal_adc.o
    0x0800060c   0x0800060c   0x00000094   Code   RO           44    .text.HAL_ADC_MspInit  adc.o
    0x080006a0   0x080006a0   0x0000003e   Code   RO          468    .text.HAL_DMA_Abort  stm32f1xx_hal_dma.o
    0x080006de   0x080006de   0x00000002   PAD
    0x080006e0   0x080006e0   0x0000008c   Code   RO          470    .text.HAL_DMA_Abort_IT  stm32f1xx_hal_dma.o
    0x0800076c   0x0800076c   0x00000140   Code   RO          474    .text.HAL_DMA_IRQHandler  stm32f1xx_hal_dma.o
    0x080008ac   0x080008ac   0x00000074   Code   RO          458    .text.HAL_DMA_Init  stm32f1xx_hal_dma.o
    0x08000920   0x08000920   0x0000006e   Code   RO          466    .text.HAL_DMA_Start_IT  stm32f1xx_hal_dma.o
    0x0800098e   0x0800098e   0x00000002   PAD
    0x08000990   0x08000990   0x00000028   Code   RO          333    .text.HAL_Delay     stm32f1xx_hal.o
    0x080009b8   0x080009b8   0x000001c0   Code   RO          431    .text.HAL_GPIO_Init  stm32f1xx_hal_gpio.o
    0x08000b78   0x08000b78   0x0000000a   Code   RO          437    .text.HAL_GPIO_WritePin  stm32f1xx_hal_gpio.o
    0x08000b82   0x08000b82   0x00000002   PAD
    0x08000b84   0x08000b84   0x00000008   Code   RO          325    .text.HAL_GetTick   stm32f1xx_hal.o
    0x08000b8c   0x08000b8c   0x0000000c   Code   RO          323    .text.HAL_IncTick   stm32f1xx_hal.o
    0x08000b98   0x08000b98   0x00000024   Code   RO          313    .text.HAL_Init      stm32f1xx_hal.o
    0x08000bbc   0x08000bbc   0x0000003c   Code   RO          315    .text.HAL_InitTick  stm32f1xx_hal.o
    0x08000bf8   0x08000bf8   0x00000040   Code   RO          181    .text.HAL_MspInit   stm32f1xx_hal_msp.o
    0x08000c38   0x08000c38   0x0000001c   Code   RO          499    .text.HAL_NVIC_EnableIRQ  stm32f1xx_hal_cortex.o
    0x08000c54   0x08000c54   0x00000058   Code   RO          497    .text.HAL_NVIC_SetPriority  stm32f1xx_hal_cortex.o
    0x08000cac   0x08000cac   0x00000020   Code   RO          495    .text.HAL_NVIC_SetPriorityGrouping  stm32f1xx_hal_cortex.o
    0x08000ccc   0x08000ccc   0x000000fc   Code   RO          414    .text.HAL_RCCEx_PeriphCLKConfig  stm32f1xx_hal_rcc_ex.o
    0x08000dc8   0x08000dc8   0x00000134   Code   RO          379    .text.HAL_RCC_ClockConfig  stm32f1xx_hal_rcc.o
    0x08000efc   0x08000efc   0x00000014   Code   RO          391    .text.HAL_RCC_GetPCLK1Freq  stm32f1xx_hal_rcc.o
    0x08000f10   0x08000f10   0x0000001c   Code   RO          393    .text.HAL_RCC_GetPCLK2Freq  stm32f1xx_hal_rcc.o
    0x08000f2c   0x08000f2c   0x00000058   Code   RO          381    .text.HAL_RCC_GetSysClockFreq  stm32f1xx_hal_rcc.o
    0x08000f84   0x08000f84   0x00000380   Code   RO          377    .text.HAL_RCC_OscConfig  stm32f1xx_hal_rcc.o
    0x08001304   0x08001304   0x000000b6   Code   RO          677    .text.HAL_SPI_Init  stm32f1xx_hal_spi.o
    0x080013ba   0x080013ba   0x00000002   PAD
    0x080013bc   0x080013bc   0x00000084   Code   RO           76    .text.HAL_SPI_MspInit  spi.o
    0x08001440   0x08001440   0x00000028   Code   RO          505    .text.HAL_SYSTICK_Config  stm32f1xx_hal_cortex.o
    0x08001468   0x08001468   0x00000002   Code   RO         1118    .text.HAL_TIMEx_BreakCallback  stm32f1xx_hal_tim_ex.o
    0x0800146a   0x0800146a   0x00000002   Code   RO         1114    .text.HAL_TIMEx_CommutCallback  stm32f1xx_hal_tim_ex.o
    0x0800146c   0x0800146c   0x00000050   Code   RO         1110    .text.HAL_TIMEx_ConfigBreakDeadTime  stm32f1xx_hal_tim_ex.o
    0x080014bc   0x080014bc   0x00000060   Code   RO         1108    .text.HAL_TIMEx_MasterConfigSynchronization  stm32f1xx_hal_tim_ex.o
    0x0800151c   0x0800151c   0x00000094   Code   RO         1078    .text.HAL_TIMEx_PWMN_Start  stm32f1xx_hal_tim_ex.o
    0x080015b0   0x080015b0   0x00000058   Code   RO          798    .text.HAL_TIM_Base_Init  stm32f1xx_hal_tim.o
    0x08001608   0x08001608   0x00000038   Code   RO          100    .text.HAL_TIM_Base_MspInit  tim.o
    0x08001640   0x08001640   0x00000058   Code   RO          812    .text.HAL_TIM_Base_Start_IT  stm32f1xx_hal_tim.o
    0x08001698   0x08001698   0x000000f8   Code   RO          986    .text.HAL_TIM_ConfigClockSource  stm32f1xx_hal_tim.o
    0x08001790   0x08001790   0x00000002   Code   RO          934    .text.HAL_TIM_IC_CaptureCallback  stm32f1xx_hal_tim.o
    0x08001792   0x08001792   0x00000172   Code   RO          932    .text.HAL_TIM_IRQHandler  stm32f1xx_hal_tim.o
    0x08001904   0x08001904   0x0000008c   Code   RO           94    .text.HAL_TIM_MspPostInit  tim.o
    0x08001990   0x08001990   0x00000002   Code   RO          936    .text.HAL_TIM_OC_DelayElapsedCallback  stm32f1xx_hal_tim.o
    0x08001992   0x08001992   0x00000002   PAD
    0x08001994   0x08001994   0x0000009a   Code   RO          960    .text.HAL_TIM_PWM_ConfigChannel  stm32f1xx_hal_tim.o
    0x08001a2e   0x08001a2e   0x00000058   Code   RO          852    .text.HAL_TIM_PWM_Init  stm32f1xx_hal_tim.o
    0x08001a86   0x08001a86   0x00000002   PAD
    0x08001a88   0x08001a88   0x00000048   Code   RO           98    .text.HAL_TIM_PWM_MspInit  tim.o
    0x08001ad0   0x08001ad0   0x00000002   Code   RO          938    .text.HAL_TIM_PWM_PulseFinishedCallback  stm32f1xx_hal_tim.o
    0x08001ad2   0x08001ad2   0x00000002   PAD
    0x08001ad4   0x08001ad4   0x000000a4   Code   RO          860    .text.HAL_TIM_PWM_Start  stm32f1xx_hal_tim.o
    0x08001b78   0x08001b78   0x00000084   Code   RO         1327    .text.HAL_TIM_PeriodElapsedCallback  user_main.o
    0x08001bfc   0x08001bfc   0x00000002   Code   RO          942    .text.HAL_TIM_TriggerCallback  stm32f1xx_hal_tim.o
    0x08001bfe   0x08001bfe   0x00000002   Code   RO         1227    .text.HAL_UARTEx_RxEventCallback  stm32f1xx_hal_uart.o
    0x08001c00   0x08001c00   0x00000002   Code   RO         1225    .text.HAL_UART_ErrorCallback  stm32f1xx_hal_uart.o
    0x08001c02   0x08001c02   0x00000002   PAD
    0x08001c04   0x08001c04   0x000002a4   Code   RO         1219    .text.HAL_UART_IRQHandler  stm32f1xx_hal_uart.o
    0x08001ea8   0x08001ea8   0x0000005e   Code   RO         1135    .text.HAL_UART_Init  stm32f1xx_hal_uart.o
    0x08001f06   0x08001f06   0x00000002   PAD
    0x08001f08   0x08001f08   0x000000f4   Code   RO          121    .text.HAL_UART_MspInit  usart.o
    0x08001ffc   0x08001ffc   0x00000002   Code   RO         1233    .text.HAL_UART_RxCpltCallback  stm32f1xx_hal_uart.o
    0x08001ffe   0x08001ffe   0x00000002   PAD
    0x08002000   0x08002000   0x00000074   Code   RO         1163    .text.HAL_UART_Transmit_DMA  stm32f1xx_hal_uart.o
    0x08002074   0x08002074   0x00000002   Code   RO         1229    .text.HAL_UART_TxCpltCallback  stm32f1xx_hal_uart.o
    0x08002076   0x08002076   0x00000002   Code   RO         1231    .text.HAL_UART_TxHalfCpltCallback  stm32f1xx_hal_uart.o
    0x08002078   0x08002078   0x00000002   Code   RO          141    .text.HardFault_Handler  stm32f1xx_it.o
    0x0800207a   0x0800207a   0x00000002   PAD
    0x0800207c   0x0800207c   0x00000068   Code   RO           42    .text.MX_ADC1_Init  adc.o
    0x080020e4   0x080020e4   0x00000050   Code   RO           61    .text.MX_DMA_Init   dma.o
    0x08002134   0x08002134   0x0000006c   Code   RO           29    .text.MX_GPIO_Init  gpio.o
    0x080021a0   0x080021a0   0x00000048   Code   RO           74    .text.MX_SPI1_Init  spi.o
    0x080021e8   0x080021e8   0x000000b8   Code   RO           92    .text.MX_TIM1_Init  tim.o
    0x080022a0   0x080022a0   0x00000060   Code   RO           96    .text.MX_TIM2_Init  tim.o
    0x08002300   0x08002300   0x00000038   Code   RO          119    .text.MX_USART1_UART_Init  usart.o
    0x08002338   0x08002338   0x00000002   Code   RO          143    .text.MemManage_Handler  stm32f1xx_it.o
    0x0800233a   0x0800233a   0x00000002   Code   RO          139    .text.NMI_Handler   stm32f1xx_it.o
    0x0800233c   0x0800233c   0x00000002   Code   RO          153    .text.PendSV_Handler  stm32f1xx_it.o
    0x0800233e   0x0800233e   0x00000002   Code   RO          149    .text.SVC_Handler   stm32f1xx_it.o
    0x08002340   0x08002340   0x00000004   Code   RO          155    .text.SysTick_Handler  stm32f1xx_it.o
    0x08002344   0x08002344   0x00000088   Code   RO           13    .text.SystemClock_Config  main.o
    0x080023cc   0x080023cc   0x00000002   Code   RO         1266    .text.SystemInit    system_stm32f1xx.o
    0x080023ce   0x080023ce   0x00000002   PAD
    0x080023d0   0x080023d0   0x00000008   Code   RO          165    .text.TIM1_TRG_COM_IRQHandler  stm32f1xx_it.o
    0x080023d8   0x080023d8   0x0000000c   Code   RO          163    .text.TIM1_UP_IRQHandler  stm32f1xx_it.o
    0x080023e4   0x080023e4   0x0000000c   Code   RO          167    .text.TIM2_IRQHandler  stm32f1xx_it.o
    0x080023f0   0x080023f0   0x00000070   Code   RO          802    .text.TIM_Base_SetConfig  stm32f1xx_hal_tim.o
    0x08002460   0x08002460   0x00000058   Code   RO          946    .text.TIM_OC1_SetConfig  stm32f1xx_hal_tim.o
    0x080024b8   0x080024b8   0x00000060   Code   RO          948    .text.TIM_OC2_SetConfig  stm32f1xx_hal_tim.o
    0x08002518   0x08002518   0x00000060   Code   RO          950    .text.TIM_OC3_SetConfig  stm32f1xx_hal_tim.o
    0x08002578   0x08002578   0x0000004c   Code   RO          952    .text.TIM_OC4_SetConfig  stm32f1xx_hal_tim.o
    0x080025c4   0x080025c4   0x00000022   Code   RO          988    .text.TIM_TI1_ConfigInputStage  stm32f1xx_hal_tim.o
    0x080025e6   0x080025e6   0x00000024   Code   RO          990    .text.TIM_TI2_ConfigInputStage  stm32f1xx_hal_tim.o
    0x0800260a   0x0800260a   0x0000000c   Code   RO         1223    .text.UART_DMAAbortOnError  stm32f1xx_hal_uart.o
    0x08002616   0x08002616   0x0000004e   Code   RO         1169    .text.UART_DMAError  stm32f1xx_hal_uart.o
    0x08002664   0x08002664   0x0000003e   Code   RO         1165    .text.UART_DMATransmitCplt  stm32f1xx_hal_uart.o
    0x080026a2   0x080026a2   0x00000006   Code   RO         1167    .text.UART_DMATxHalfCplt  stm32f1xx_hal_uart.o
    0x080026a8   0x080026a8   0x0000004e   Code   RO         1183    .text.UART_EndRxTransfer  stm32f1xx_hal_uart.o
    0x080026f6   0x080026f6   0x0000001c   Code   RO         1181    .text.UART_EndTxTransfer  stm32f1xx_hal_uart.o
    0x08002712   0x08002712   0x000000ca   Code   RO         1221    .text.UART_Receive_IT  stm32f1xx_hal_uart.o
    0x080027dc   0x080027dc   0x00000084   Code   RO         1139    .text.UART_SetConfig  stm32f1xx_hal_uart.o
    0x08002860   0x08002860   0x00000008   Code   RO          169    .text.USART1_IRQHandler  stm32f1xx_it.o
    0x08002868   0x08002868   0x00000002   Code   RO          147    .text.UsageFault_Handler  stm32f1xx_it.o
    0x0800286a   0x0800286a   0x00000002   PAD
    0x0800286c   0x0800286c   0x0000005c   Code   RO         1343    .text.Vofa_JustFloat  vofa.o
    0x080028c8   0x080028c8   0x00000024   Code   RO         1423    .text._GLOBAL__sub_I_lowpass_filter.cpp  lowpass_filter.o
    0x080028ec   0x080028ec   0x00000078   Code   RO         1442    .text._GLOBAL__sub_I_pid.cpp  pid.o
    0x08002964   0x08002964   0x00000026   Code   RO         1386    .text._Z10Constraintf  motor.o
    0x0800298a   0x0800298a   0x00000002   PAD
    0x0800298c   0x0800298c   0x00000024   Code   RO         1368    .text._Z10GetRawDatav  encoder.o
    0x080029b0   0x080029b0   0x000000a4   Code   RO         1390    .text._Z10SetVoltagefff  motor.o
    0x08002a54   0x08002a54   0x00000020   Code   RO         1360    .text._Z11GetRawAnglev  encoder.o
    0x08002a74   0x08002a74   0x00000020   Code   RO         1364    .text._Z12Encoder_Initv  encoder.o
    0x08002a94   0x08002a94   0x00000200   Code   RO         1392    .text._Z15SetPhaseVoltagefff  motor.o
    0x08002c94   0x08002c94   0x0000001e   Code   RO         1362    .text._Z17SpiCalcEvenParityt  encoder.o
    0x08002cb2   0x08002cb2   0x00000012   Code   RO         1308    .text._Z17delayMicroSecondsj  time_utils.o
    0x08002cc4   0x08002cc4   0x0000005c   Code   RO         1388    .text._Z20SetPwmDutyByRegisterfff  motor.o
    0x08002d20   0x08002d20   0x000000a0   Code   RO         1394    .text._Z20VelocityOpenLoopTickf  motor.o
    0x08002dc0   0x08002dc0   0x000000b0   Code   RO         1366    .text._Z24SpiTransmitAndRead16Bitst  encoder.o
    0x08002e70   0x08002e70   0x00000054   Code   RO         1306    .text._Z6microsv    time_utils.o
    0x08002ec4   0x08002ec4   0x00000040   Code   RO         1358    .text._Z7VarInitv   encoder.o
    0x08002f04   0x08002f04   0x00000028   Code   RO         1288    .text._Z9Normalizef  math_utils.o
    0x08002f2c   0x08002f2c   0x00000090   Code   RO         1284    .text._Z9SinApproxf  math_utils.o
    0x08002fbc   0x08002fbc   0x00000014   Code   RO         1437    .text._ZN13LowPassFilterC2Ef  lowpass_filter.o
    0x08002fd0   0x08002fd0   0x00000024   Code   RO         1457    .text._ZN13PidControllerC2Efffff  pid.o
    0x08002ff4   0x08002ff4   0x0000002c   Code   RO           11    .text.main          main.o
    0x08003020   0x08003020   0x00000068   Code   RO         1325    .text.user_main     user_main.o
    0x08003088   0x08003088   0x00000008   Code   RO         1795    i.__mathlib_flt_invalid  m_ws.l(funder.o)
    0x08003090   0x08003090   0x0000007c   Code   RO         1544    i.floorf            m_ws.l(floorf.o)
    0x0800310c   0x0800310c   0x0000006c   Code   RO         1548    i.fmodf             m_ws.l(fmodf.o)
    0x08003178   0x08003178   0x000000c4   Code   RO         1477    x$fpl$fadd          fz_ws.l(faddsub_clz.o)
    0x0800323c   0x0800323c   0x00000054   Code   RO         1483    x$fpl$fcmp          fz_ws.l(fcmp.o)
    0x08003290   0x08003290   0x00000018   Code   RO         1856    x$fpl$fcmpinf       fz_ws.l(fcmpi.o)
    0x080032a8   0x080032a8   0x00000184   Code   RO         1486    x$fpl$fdiv          fz_ws.l(fdiv.o)
    0x0800342c   0x0800342c   0x00000068   Code   RO         1698    x$fpl$feqf          fz_ws.l(feqf.o)
    0x08003494   0x08003494   0x00000036   Code   RO         1489    x$fpl$ffix          fz_ws.l(ffix.o)
    0x080034ca   0x080034ca   0x00000002   PAD
    0x080034cc   0x080034cc   0x0000003e   Code   RO         1493    x$fpl$ffixu         fz_ws.l(ffixu.o)
    0x0800350a   0x0800350a   0x00000002   PAD
    0x0800350c   0x0800350c   0x00000030   Code   RO         1498    x$fpl$fflt          fz_ws.l(fflt_clz.o)
    0x0800353c   0x0800353c   0x00000060   Code   RO         1503    x$fpl$ffltll        fz_ws.l(ffltll_clz.o)
    0x0800359c   0x0800359c   0x00000026   Code   RO         1497    x$fpl$ffltu         fz_ws.l(fflt_clz.o)
    0x080035c2   0x080035c2   0x00000002   PAD
    0x080035c4   0x080035c4   0x00000068   Code   RO         1700    x$fpl$fgeqf         fz_ws.l(fgeqf.o)
    0x0800362c   0x0800362c   0x00000068   Code   RO         1702    x$fpl$fleqf         fz_ws.l(fleqf.o)
    0x08003694   0x08003694   0x00000102   Code   RO         1505    x$fpl$fmul          fz_ws.l(fmul.o)
    0x08003796   0x08003796   0x0000008c   Code   RO         1704    x$fpl$fnaninf       fz_ws.l(fnaninf.o)
    0x08003822   0x08003822   0x00000002   PAD
    0x08003824   0x08003824   0x000000f4   Code   RO         1706    x$fpl$frem          fz_ws.l(frem_clz.o)
    0x08003918   0x08003918   0x0000000a   Code   RO         1708    x$fpl$fretinf       fz_ws.l(fretinf.o)
    0x08003922   0x08003922   0x00000014   Code   RO         1478    x$fpl$frsb          fz_ws.l(faddsub_clz.o)
    0x08003936   0x08003936   0x00000002   PAD
    0x08003938   0x08003938   0x000000ea   Code   RO         1479    x$fpl$fsub          fz_ws.l(faddsub_clz.o)
    0x08003a22   0x08003a22   0x00000000   Code   RO         1718    x$fpl$usenofp       fz_ws.l(usenofp.o)
    0x08003a22   0x08003a22   0x00000010   Data   RO         1271    .rodata.AHBPrescTable  system_stm32f1xx.o
    0x08003a32   0x08003a32   0x00000008   Data   RO         1272    .rodata.APBPrescTable  system_stm32f1xx.o
    0x08003a3a   0x08003a3a   0x00000002   PAD
    0x08003a3c   0x08003a3c   0x00000320   Data   RO         1292    .rodata._ZL7SIN_MAP  math_utils.o
    0x08003d5c   0x08003d5c   0x00000020   Data   RO         2005    Region$$Table       anon$$obj.o
    0x08003d7c   0x08003d7c   0x00000004   Data   RO         1425    .init_array         lowpass_filter.o
    0x08003d80   0x08003d7c   0x00000004   Data   RO         1444    .init_array         pid.o


    Execution Region RW_IRAM1 (Exec base: 0x20000000, Load base: 0x08003d90, Size: 0x00000a10, Max: 0x00005000, ABSOLUTE)

    Exec Addr    Load Addr    Size         Type   Attr      Idx    E Section Name        Object

    0x20000000   0x08003d90   0x0000000c   Data   RW          363    .data..L_MergedGlobals  stm32f1xx_hal.o
    0x2000000c   0x08003d9c   0x00000004   PAD
    0x20000010   0x08003da0   0x00000060   Data   RW         1409    .data..L_MergedGlobals  motor.o
    0x20000070   0x08003e00   0x00000002   Data   RW         1407    .data.PERIOD_COUNT  motor.o
    0x20000072   0x08003e02   0x00000002   PAD
    0x20000074   0x08003e04   0x00000004   Data   RW         1270    .data.SystemCoreClock  system_stm32f1xx.o
    0x20000078   0x08003e08   0x00000004   Data   RW         1372    .data.spiHandle     encoder.o
    0x2000007c   0x08003e0c   0x00000004   PAD
    0x20000080        -       0x00000060   Zero   RW         1864    .bss                c_w.l(libspace.o)
    0x200000e0        -       0x00000044   Zero   RW          126    .bss..L_MergedGlobals  usart.o
    0x20000124        -       0x0000000c   Zero   RW         1313    .bss..L_MergedGlobals  time_utils.o
    0x20000130        -       0x00000028   Zero   RW         1374    .bss..L_MergedGlobals  encoder.o
    0x20000158   0x08003e0c   0x00000008   PAD
    0x20000160        -       0x00000018   Zero   RW         1426    .bss..L_MergedGlobals  lowpass_filter.o
    0x20000178   0x08003e0c   0x00000008   PAD
    0x20000180        -       0x0000006c   Zero   RW         1445    .bss..L_MergedGlobals  pid.o
    0x200001ec   0x08003e0c   0x00000004   PAD
    0x200001f0        -       0x00000044   Zero   RW          127    .bss..L_MergedGlobals.1  usart.o
    0x20000234   0x08003e0c   0x0000000c   PAD
    0x20000240        -       0x00000024   Zero   RW         1446    .bss..L_MergedGlobals.4  pid.o
    0x20000264        -       0x00000004   Zero   RW         1406    .bss._angle         motor.o
    0x20000268        -       0x00000030   Zero   RW           48    .bss.hadc1          adc.o
    0x20000298        -       0x00000044   Zero   RW           49    .bss.hdma_adc1      adc.o
    0x200002dc        -       0x00000058   Zero   RW           80    .bss.hspi1          spi.o
    0x20000334        -       0x00000048   Zero   RW          106    .bss.htim1          tim.o
    0x2000037c        -       0x00000048   Zero   RW          107    .bss.htim2          tim.o
    0x200003c4        -       0x00000048   Zero   RW          125    .bss.huart1         usart.o
    0x2000040c   0x08003e0c   0x00000004   PAD
    0x20000410        -       0x00000200   Zero   RW            2    HEAP                startup_stm32f103xb.o
    0x20000610        -       0x00000400   Zero   RW            1    STACK               startup_stm32f103xb.o


==============================================================================

Image component sizes


      Code (inc. data)   RO Data    RW Data    ZI Data      Debug   Object Name

       252         20          0          0        116       4653   adc.o
        80         12          0          0          0       2111   dma.o
       370         24          0          4         40      21137   encoder.o
       108          8          0          0          0       1738   gpio.o
        56         12          4          0         24       3579   lowpass_filter.o
       188          0          0          0          0       2301   main.o
       184         32        800          0          0      12085   math_utils.o
       966         42          0         98          4      20900   motor.o
       156         32          4          0        144      18841   pid.o
       204         24          0          0         88       4935   spi.o
        64         26        236          0       1536        804   startup_stm32f103xb.o
       156          8          0         12          0       6502   stm32f1xx_hal.o
       634         28          0          0          0      10809   stm32f1xx_hal_adc.o
       188         24          0          0          0       8420   stm32f1xx_hal_cortex.o
       788         32          0          0          0       6665   stm32f1xx_hal_dma.o
       458         56          0          0          0       4789   stm32f1xx_hal_gpio.o
        64          8          0          0          0       1368   stm32f1xx_hal_msp.o
      1340         72          0          0          0       7596   stm32f1xx_hal_rcc.o
       252          8          0          0          0       3620   stm32f1xx_hal_rcc_ex.o
       182          0          0          0          0      20816   stm32f1xx_hal_spi.o
      1746         40          0          0          0      46042   stm32f1xx_hal_tim.o
       328          0          0          0          0      19962   stm32f1xx_hal_tim_ex.o
      1494         20          0          0          0      23339   stm32f1xx_hal_uart.o
        92         16          0          0          0       2058   stm32f1xx_it.o
         2          0         24          4          0       1729   system_stm32f1xx.o
       548         24          0          0        144       8536   tim.o
       102          8          0          0         12       3700   time_utils.o
       300         32          0          0        208       6314   usart.o
       236         60          0          0          0      19423   user_main.o
        92          4          0          0          0       1598   vofa.o

    ----------------------------------------------------------------------
     11662        672       1102        124       2356     296370   Object Totals
         0          0         32          0          0          0   (incl. Generated)
        32          0          2          6         40          0   (incl. Padding)

    ----------------------------------------------------------------------

      Code (inc. data)   RO Data    RW Data    ZI Data      Debug   Library Member Name

         8          0          0          0          0         68   __main.o
         0          0          0          0          0          0   __rtentry.o
        12          0          0          0          0          0   __rtentry2.o
         6          0          0          0          0          0   __rtentry4.o
        52          8          0          0          0          0   __scatter.o
        26          0          0          0          0          0   __scatter_copy.o
        28          0          0          0          0          0   __scatter_zi.o
        22          0          0          0          0        100   _rserrno.o
        18          0          0          0          0         80   exit.o
         6          0          0          0          0        152   heapauxi.o
         0          0          0          0          0          0   indicate_semi.o
        36         10          0          0          0         80   init_aeabi.o
         2          0          0          0          0          0   libinit.o
         6          0          0          0          0          0   libinit2.o
         2          0          0          0          0          0   libshutdown.o
         2          0          0          0          0          0   libshutdown2.o
         8          4          0          0         96         68   libspace.o
         8          4          0          0          0         68   rt_errno_addr_intlibspace.o
        78          0          0          0          0         80   rt_memclr_w.o
       100          0          0          0          0         80   rt_memcpy_w.o
         2          0          0          0          0          0   rtexit.o
        10          0          0          0          0          0   rtexit2.o
        12          4          0          0          0         68   sys_exit.o
        74          0          0          0          0         80   sys_stackheap_outer.o
         2          0          0          0          0         68   use_no_semi.o
       450          8          0          0          0        236   faddsub_clz.o
        84          0          0          0          0        196   fcmp.o
        24          0          0          0          0         68   fcmpi.o
       388         76          0          0          0         96   fdiv.o
       104          4          0          0          0         84   feqf.o
        54          4          0          0          0         84   ffix.o
        62          4          0          0          0         84   ffixu.o
        86          0          0          0          0        136   fflt_clz.o
        96          0          0          0          0         84   ffltll_clz.o
       104          4          0          0          0         84   fgeqf.o
       104          4          0          0          0         84   fleqf.o
       258          4          0          0          0         84   fmul.o
       140          4          0          0          0         84   fnaninf.o
       244          8          0          0          0         84   frem_clz.o
        10          0          0          0          0         68   fretinf.o
         0          0          0          0          0          0   usenofp.o
       124         12          0          0          0         84   floorf.o
       108          0          0          0          0         96   fmodf.o
         8          0          0          0          0         68   funder.o

    ----------------------------------------------------------------------
      2984        162          0          0         96       2796   Library Totals
        16          0          0          0          0          0   (incl. Padding)

    ----------------------------------------------------------------------

      Code (inc. data)   RO Data    RW Data    ZI Data      Debug   Library Name

       520         30          0          0         96        992   c_w.l
      2208        120          0          0          0       1556   fz_ws.l
       240         12          0          0          0        248   m_ws.l

    ----------------------------------------------------------------------
      2984        162          0          0         96       2796   Library Totals

    ----------------------------------------------------------------------

==============================================================================


      Code (inc. data)   RO Data    RW Data    ZI Data      Debug   

     14646        834       1102        124       2452     297258   Grand Totals
     14646        834       1102        124       2452     297258   ELF Image Totals
     14646        834       1102        124          0          0   ROM Totals

==============================================================================

    Total RO  Size (Code + RO Data)                15748 (  15.38kB)
    Total RW  Size (RW Data + ZI Data)              2576 (   2.52kB)
    Total ROM Size (Code + RO Data + RW Data)      15872 (  15.50kB)

==============================================================================

